******************************************************************************
                  MSP430 Linker PC v18.1.3                     
******************************************************************************
>> Linked Sat Dec  8 16:24:53 2018

OUTPUT FILE NAME:   <GEW-FFHUB.out>
ENTRY POINT SYMBOL: "_c_int00_noargs"  address: 0000ea18


MEMORY CONFIGURATION

         name            origin    length      used     unused   attr    fill
----------------------  --------  ---------  --------  --------  ----  --------
  SFR                   00000000   00000010  00000000  00000010  RWIX
  PERIPHERALS_8BIT      00000010   000000f0  00000000  000000f0  RWIX
  PERIPHERALS_16BIT     00000100   00000100  00000000  00000100  RWIX
  INFOA                 00001800   00000200  00000000  00000200  RWIX
  RAM                   00002000   00001000  000006ec  00000914  RWIX
  FRAM                  0000c400   00003b80  00002836  0000134a  RWIX
  JTAGSIGNATURE         0000ff80   00000004  00000004  00000000  RWIX  ffff 
  BSLSIGNATURE          0000ff84   00000004  00000004  00000000  RWIX  ffff 
  INT00                 0000ff88   00000002  00000000  00000002  RWIX
  INT01                 0000ff8a   00000002  00000000  00000002  RWIX
  INT02                 0000ff8c   00000002  00000000  00000002  RWIX
  INT03                 0000ff8e   00000002  00000000  00000002  RWIX
  INT04                 0000ff90   00000002  00000000  00000002  RWIX
  INT05                 0000ff92   00000002  00000000  00000002  RWIX
  INT06                 0000ff94   00000002  00000000  00000002  RWIX
  INT07                 0000ff96   00000002  00000000  00000002  RWIX
  INT08                 0000ff98   00000002  00000000  00000002  RWIX
  INT09                 0000ff9a   00000002  00000000  00000002  RWIX
  INT10                 0000ff9c   00000002  00000000  00000002  RWIX
  INT11                 0000ff9e   00000002  00000000  00000002  RWIX
  INT12                 0000ffa0   00000002  00000000  00000002  RWIX
  INT13                 0000ffa2   00000002  00000000  00000002  RWIX
  INT14                 0000ffa4   00000002  00000000  00000002  RWIX
  INT15                 0000ffa6   00000002  00000000  00000002  RWIX
  INT16                 0000ffa8   00000002  00000000  00000002  RWIX
  INT17                 0000ffaa   00000002  00000000  00000002  RWIX
  INT18                 0000ffac   00000002  00000000  00000002  RWIX
  INT19                 0000ffae   00000002  00000000  00000002  RWIX
  INT20                 0000ffb0   00000002  00000000  00000002  RWIX
  INT21                 0000ffb2   00000002  00000000  00000002  RWIX
  INT22                 0000ffb4   00000002  00000000  00000002  RWIX
  INT23                 0000ffb6   00000002  00000000  00000002  RWIX
  INT24                 0000ffb8   00000002  00000000  00000002  RWIX
  INT25                 0000ffba   00000002  00000000  00000002  RWIX
  INT26                 0000ffbc   00000002  00000000  00000002  RWIX
  INT27                 0000ffbe   00000002  00000000  00000002  RWIX
  INT28                 0000ffc0   00000002  00000000  00000002  RWIX
  INT29                 0000ffc2   00000002  00000000  00000002  RWIX
  INT30                 0000ffc4   00000002  00000000  00000002  RWIX
  INT31                 0000ffc6   00000002  00000000  00000002  RWIX
  INT32                 0000ffc8   00000002  00000000  00000002  RWIX
  INT33                 0000ffca   00000002  00000000  00000002  RWIX
  INT34                 0000ffcc   00000002  00000000  00000002  RWIX
  INT35                 0000ffce   00000002  00000000  00000002  RWIX
  INT36                 0000ffd0   00000002  00000000  00000002  RWIX
  INT37                 0000ffd2   00000002  00000000  00000002  RWIX
  INT38                 0000ffd4   00000002  00000000  00000002  RWIX
  INT39                 0000ffd6   00000002  00000000  00000002  RWIX
  INT40                 0000ffd8   00000002  00000000  00000002  RWIX
  INT41                 0000ffda   00000002  00000002  00000000  RWIX
  INT42                 0000ffdc   00000002  00000002  00000000  RWIX
  INT43                 0000ffde   00000002  00000002  00000000  RWIX
  INT44                 0000ffe0   00000002  00000002  00000000  RWIX
  INT45                 0000ffe2   00000002  00000002  00000000  RWIX
  INT46                 0000ffe4   00000002  00000002  00000000  RWIX
  INT47                 0000ffe6   00000002  00000002  00000000  RWIX
  INT48                 0000ffe8   00000002  00000002  00000000  RWIX
  INT49                 0000ffea   00000002  00000002  00000000  RWIX
  INT50                 0000ffec   00000002  00000002  00000000  RWIX
  INT51                 0000ffee   00000002  00000002  00000000  RWIX
  INT52                 0000fff0   00000002  00000002  00000000  RWIX
  INT53                 0000fff2   00000002  00000002  00000000  RWIX
  INT54                 0000fff4   00000002  00000002  00000000  RWIX
  INT55                 0000fff6   00000002  00000002  00000000  RWIX
  INT56                 0000fff8   00000002  00000002  00000000  RWIX
  INT57                 0000fffa   00000002  00000002  00000000  RWIX
  INT58                 0000fffc   00000002  00000002  00000000  RWIX
  RESET                 0000fffe   00000002  00000002  00000000  RWIX


SECTION ALLOCATION MAP

 output                                  attributes/
section   page    origin      length       input sections
--------  ----  ----------  ----------   ----------------
.TI.persistent 
*          0    0000c400    00000000     UNINITIALIZED

.cinit     0    0000c400    0000002c     
                  0000c400    0000000c     (__TI_handler_table)
                  0000c40c    0000000a     (.cinit..data.load) [load image, compression = lzss]
                  0000c416    00000006     (.cinit..bss.load) [load image, compression = zero_init]
                  0000c41c    00000010     (__TI_cinit_table)

.pinit     0    0000c42c    00000000     UNINITIALIZED

.binit     0    0000c42c    00000000     

.init_array 
*          0    0000c42c    00000000     UNINITIALIZED

.mspabi.exidx 
*          0    0000c42c    00000000     UNINITIALIZED

.mspabi.extab 
*          0    0000c42c    00000000     UNINITIALIZED

.const     0    0000c42c    00000098     
                  0000c42c    0000002f     hal_rf.obj (.const:.string:myRfConfigCC1101)
                  0000c45b    00000001     --HOLE-- [fill = 0]
                  0000c45c    0000001c     gpio.obj (.const:GPIO_PORT_TO_BASE)
                  0000c478    00000012     hal_spi.obj (.const:$P$T0$1)
                  0000c48a    00000010     uart.obj (.const:$P$T0$1)
                  0000c49a    0000000c     i2c.obj (.const:$P$T0$2)
                  0000c4a6    0000000c     i2c.obj (.const:$P$T1$3)
                  0000c4b2    0000000a     myRTC.obj (.const:$P$T0$1)
                  0000c4bc    00000008     myRTC.obj (.const:$P$T1$2)

.text      0    0000c4c4    00002772     
                  0000c4c4    000002da     uart.obj (.text:_isr:USCI_A0_ISR)
                  0000c79e    000001f2     packet.obj (.text:buildPacket)
                  0000c990    000001d2     main3.obj (.text:main)
                  0000cb62    0000014e     myRadio.obj (.text:rxRecvPacket)
                  0000ccb0    00000132     cs.obj (.text:CS_initClockSignal)
                  0000cde2    0000010c     eusci_a_uart.obj (.text:EUSCI_A_UART_init)
                  0000ceee    000000f6     cs.obj (.text:privateCSComputeCLKFrequency)
                  0000cfe4    000000f4     cs.obj (.text:CS_initFLL)
                  0000d0d8    000000ea     i2c.obj (.text:_isr:USCIB0_ISR)
                  0000d1c2    000000c0     cs.obj (.text:privateCSSourceClockFromDCO)
                  0000d282    000000ba     hal_spi.obj (.text:halSpiRead)
                  0000d33c    000000b4     i2c.obj (.text:I2CSendCommand)
                  0000d3f0    000000b2     gpio.obj (.text:GPIO_setAsPeripheralModuleFunctionInputPin)
                  0000d4a2    000000b2     gpio.obj (.text:GPIO_setAsPeripheralModuleFunctionOutputPin)
                  0000d554    000000ac     cs.obj (.text:privateDCORange)
                  0000d600    000000a4     i2c.obj (.text:I2CReceiveCommand)
                  0000d6a4    000000a0     i2c.obj (.text:measureI2C)
                  0000d744    0000009e     hal_spi.obj (.text:halSpiWrite)
                  0000d7e2    0000009a     myRTC.obj (.text:myDelay)
                  0000d87c    0000009a     myRadio.obj (.text:txSendPacket)
                  0000d916    00000090     eusci_b_i2c.obj (.text:EUSCI_B_I2C_initMaster)
                  0000d9a6    0000008e     hal_spi.obj (.text:halSpiInit)
                  0000da34    00000086     eusci_a_spi.obj (.text:EUSCI_A_SPI_initMaster)
                  0000daba    0000007e     main3.obj (.text:responseBufferSend)
                  0000db38    0000007a     uart.obj (.text:getUARTCommand)
                  0000dbb2    0000007a     uart.obj (.text:initUART)
                  0000dc2c    00000078     timer_a.obj (.text:Timer_A_initContinuousMode)
                  0000dca4    00000076     rts430x_lc_rd_eabi.lib : copy_decompress_lzss.c.obj (.text:decompress:lzss:__TI_decompress_lzss)
                  0000dd1a    0000006a     gpio.obj (.text:GPIO_setAsInputPin)
                  0000dd84    0000006a     myRadio.obj (.text:_isr:Port_1)
                  0000ddee    00000066     init.obj (.text:initGPIO)
                  0000de54    00000062     main3.obj (.text:responseBufferAdd)
                  0000deb6    0000005e     timer_a.obj (.text:Timer_A_initCompareMode)
                  0000df14    0000005c     eusci_b_i2c.obj (.text:EUSCI_B_I2C_masterSendMultiByteStart)
                  0000df70    0000005c     gpio.obj (.text:GPIO_selectInterruptEdge)
                  0000dfcc    0000005c     gpio.obj (.text:GPIO_setAsOutputPin)
                  0000e028    00000058     rts430x_lc_rd_eabi.lib : div32u.asm.obj (.text)
                  0000e080    00000054                            : autoinit.c.obj (.text:__TI_auto_init_nobinit_nopinit_hold_wdt:__TI_auto_init_nobinit_nopinit_hold_wdt)
                  0000e0d4    00000052     cs.obj (.text:CS_initFLLSettle)
                  0000e126    00000052     hal_spi.obj (.text:halSpiStrobe)
                  0000e178    00000050     hal_rf.obj (.text:halRfResetChip)
                  0000e1c8    0000004e     myRadio.obj (.text:getRSSI)
                  0000e216    0000004c     gpio.obj (.text:GPIO_getInputPinValue)
                  0000e262    00000048     init.obj (.text:initClocks)
                  0000e2aa    00000046     myRadio.obj (.text:cca)
                  0000e2f0    00000044     eusci_a_uart.obj (.text:EUSCI_A_UART_enableInterrupt)
                  0000e334    00000042     gpio.obj (.text:GPIO_clearInterrupt)
                  0000e376    00000042     gpio.obj (.text:GPIO_enableInterrupt)
                  0000e3b8    00000040     gpio.obj (.text:GPIO_setOutputHighOnPin)
                  0000e3f8    00000040     gpio.obj (.text:GPIO_setOutputLowOnPin)
                  0000e438    00000040     rts430x_lc_rd_eabi.lib : div32s.asm.obj (.text)
                  0000e478    0000003e                            : lsl32.asm.obj (.text:l_lsl_const)
                  0000e4b6    00000038     cs.obj (.text:CS_turnOnXT1LF)
                  0000e4ee    00000036     eusci_a_uart.obj (.text:EUSCI_A_UART_transmitData)
                  0000e524    00000036     eusci_b_i2c.obj (.text:EUSCI_B_I2C_masterSendMultiByteNext)
                  0000e55a    00000032     myRTC.obj (.text:_isr:RTC_ISR)
                  0000e58c    00000030     myRTC.obj (.text:initRTC)
                  0000e5bc    0000002e     cs.obj (.text:CS_getSMCLK)
                  0000e5ea    0000002e     rtc.obj (.text:RTC_init)
                  0000e618    0000002c     rts430x_lc_rd_eabi.lib : div16s.asm.obj (.text)
                  0000e644    0000002a     eusci_a_uart.obj (.text:EUSCI_A_UART_receiveData)
                  0000e66e    0000002a     eusci_b_i2c.obj (.text:EUSCI_B_I2C_masterReceiveSingle)
                  0000e698    0000002a     myRadio.obj (.text:initRadio)
                  0000e6c2    0000002a     timeOut.obj (.text:startTimeOut)
                  0000e6ec    00000028     rtc.obj (.text:RTC_start)
                  0000e714    00000028     wdt_a.obj (.text:WDT_A_initIntervalTimer)
                  0000e73c    00000026     hal_rf.obj (.text:halRfBurstConfig)
                  0000e762    00000024     eusci_b_i2c.obj (.text:EUSCI_B_I2C_masterSendMultiByteStop)
                  0000e786    00000024     wdt_a.obj (.text:WDT_A_hold)
                  0000e7aa    00000024     wdt_a.obj (.text:WDT_A_start)
                  0000e7ce    00000024     rts430x_lc_rd_eabi.lib : copy_zero_init.c.obj (.text:decompress:ZI:__TI_zero_init)
                  0000e7f2    00000024                            : mult32_f5hw.asm.obj (.text)
                  0000e816    00000022     eusci_a_spi.obj (.text:EUSCI_A_SPI_clearInterrupt)
                  0000e838    00000022     eusci_a_uart.obj (.text:EUSCI_A_UART_clearInterrupt)
                  0000e85a    00000022     eusci_b_i2c.obj (.text:EUSCI_B_I2C_setMode)
                  0000e87c    00000022     myRTC.obj (.text:_isr:TIMER1_A1_ISR)
                  0000e89e    00000022     hal_rf.obj (.text:halRfWriteReg)
                  0000e8c0    00000020     cs.obj (.text:CS_setExternalClockSource)
                  0000e8e0    00000020     eusci_a_spi.obj (.text:EUSCI_A_SPI_transmitData)
                  0000e900    00000020     eusci_b_i2c.obj (.text:EUSCI_B_I2C_clearInterrupt)
                  0000e920    00000020     eusci_b_i2c.obj (.text:EUSCI_B_I2C_disableInterrupt)
                  0000e940    00000020     eusci_b_i2c.obj (.text:EUSCI_B_I2C_enableInterrupt)
                  0000e960    00000020     eusci_b_i2c.obj (.text:EUSCI_B_I2C_setSlaveAddress)
                  0000e980    00000020     timer_a.obj (.text:Timer_A_startCounter)
                  0000e9a0    00000020     hal_rf.obj (.text:halRfReadStatusReg)
                  0000e9c0    0000001e     eusci_a_spi.obj (.text:EUSCI_A_SPI_getInterruptStatus)
                  0000e9de    0000001e     hal_rf.obj (.text:halRfWriteFifo)
                  0000e9fc    0000001c     rtc.obj (.text:RTC_enableInterrupt)
                  0000ea18    0000001c     rts430x_lc_rd_eabi.lib : boot.c.obj (.text:_isr:_c_int00_noargs)
                  0000ea34    0000001c     hal_rf.obj (.text:halRfReadFifo)
                  0000ea50    0000001a     timer_a.obj (.text:Timer_A_clearCaptureCompareInterrupt)
                  0000ea6a    0000001a     timeOut.obj (.text:_isr:WDT_A_ISR)
                  0000ea84    00000016     eusci_b_i2c.obj (.text:EUSCI_B_I2C_masterReceiveStart)
                  0000ea9a    00000016     rtc.obj (.text:RTC_clearInterrupt)
                  0000eab0    00000016     i2c.obj (.text:disableI2C)
                  0000eac6    00000016     rts430x_lc_rd_eabi.lib : div16u.asm.obj (.text)
                  0000eadc    00000014     eusci_a_spi.obj (.text:EUSCI_A_SPI_isBusy)
                  0000eaf0    00000014     eusci_a_spi.obj (.text:EUSCI_A_SPI_receiveData)
                  0000eb04    00000014     eusci_b_i2c.obj (.text:EUSCI_B_I2C_isBusBusy)
                  0000eb18    00000014     uart.obj (.text:clearCommandList)
                  0000eb2c    00000014     rts430x_lc_rd_eabi.lib : memcpy.c.obj (.text:memcpy)
                  0000eb40    00000014     packet.obj (.text:sendPacket)
                  0000eb54    00000012     rts430x_lc_rd_eabi.lib : copy_decompress_none.c.obj (.text:decompress:none:__TI_decompress_none)
                  0000eb66    00000010     eusci_b_i2c.obj (.text:EUSCI_B_I2C_masterIsStopSent)
                  0000eb76    00000010     pmm.obj (.text:PMM_trigPOR)
                  0000eb86    00000010     timer_a.obj (.text:Timer_A_stop)
                  0000eb96    0000000e     eusci_a_spi.obj (.text:EUSCI_A_SPI_enable)
                  0000eba4    0000000e     eusci_a_uart.obj (.text:EUSCI_A_UART_enable)
                  0000ebb2    0000000e     eusci_b_i2c.obj (.text:EUSCI_B_I2C_disable)
                  0000ebc0    0000000e     eusci_b_i2c.obj (.text:EUSCI_B_I2C_enable)
                  0000ebce    0000000e     eusci_b_i2c.obj (.text:EUSCI_B_I2C_masterSendStart)
                  0000ebdc    0000000e     sfr.obj (.text:SFR_clearInterrupt)
                  0000ebea    0000000e     sfr.obj (.text:SFR_enableInterrupt)
                  0000ebf8    0000000e     hal_rf.obj (.text:halRfStrobe)
                  0000ec06    0000000a     rts430x_lc_rd_eabi.lib : lsl16.asm.obj (.text)
                  0000ec10    0000000a     timeOut.obj (.text:stopTimeOut)
                  0000ec1a    00000008     pmm.obj (.text:PMM_unlockLPM5)
                  0000ec22    00000008     rts430x_lc_rd_eabi.lib : isr_trap.asm.obj (.text:_isr:__TI_ISR_TRAP)
                  0000ec2a    00000006                            : exit.c.obj (.text:abort)
                  0000ec30    00000004                            : pre_init.c.obj (.text:_system_pre_init)
                  0000ec34    00000002                            : startup.c.obj (.text:_system_post_cinit)

.bss       0    00002000    00000640     UNINITIALIZED
                  00002000    00000500     (.common:radioResponseBuffer)
                  00002500    00000040     packet.obj (.bss:data)
                  00002540    00000040     (.common:radioCommandBuffer)
                  00002580    00000040     (.common:uartCommandBuffer)
                  000025c0    0000001e     i2c.obj (.bss:RXData)
                  000025de    0000001e     i2c.obj (.bss:TXData)
                  000025fc    00000012     (.common:sysState)
                  0000260e    0000000c     uart.obj (.bss:autoCommandList)
                  0000261a    0000000c     uart.obj (.bss:commandList)
                  00002626    00000008     (.common:wxOutTime)
                  0000262e    00000004     (.common:epochTime)
                  00002632    00000004     (.common:wxOut)
                  00002636    00000002     i2c.obj (.bss)
                  00002638    00000002     (.common:rssi_dBm)
                  0000263a    00000001     (.common:dataChannel)
                  0000263b    00000001     (.common:packetReceived)
                  0000263c    00000001     (.common:packetSent)
                  0000263d    00000001     (.common:radioMode)
                  0000263e    00000001     (.common:state)
                  0000263f    00000001     (.common:timeOut)

.data      0    00002640    0000000c     UNINITIALIZED
                  00002640    00000004     cs.obj (.data)
                  00002644    00000003     uart.obj (.data)
                  00002647    00000002     main3.obj (.data)
                  00002649    00000002     packet.obj (.data)
                  0000264b    00000001     i2c.obj (.data)

.stack     0    00002f60    000000a0     UNINITIALIZED
                  00002f60    00000004     rts430x_lc_rd_eabi.lib : boot.c.obj (.stack)
                  00002f64    0000009c     --HOLE--

PORT2      0    0000ffda    00000002     
                  0000ffda    00000002     rts430x_lc_rd_eabi.lib : int41.asm.obj (.int41)

PORT1      0    0000ffdc    00000002     
                  0000ffdc    00000002     myRadio.obj (.int42)

ADC        0    0000ffde    00000002     
                  0000ffde    00000002     rts430x_lc_rd_eabi.lib : int43.asm.obj (.int43)

USCI_B0    0    0000ffe0    00000002     
                  0000ffe0    00000002     i2c.obj (.int44)

USCI_A1    0    0000ffe2    00000002     
                  0000ffe2    00000002     rts430x_lc_rd_eabi.lib : int45.asm.obj (.int45)

USCI_A0    0    0000ffe4    00000002     
                  0000ffe4    00000002     uart.obj (.int46)

WDT        0    0000ffe6    00000002     
                  0000ffe6    00000002     timeOut.obj (.int47)

RTC        0    0000ffe8    00000002     
                  0000ffe8    00000002     myRTC.obj (.int48)

TIMER3_A1 
*          0    0000ffea    00000002     
                  0000ffea    00000002     rts430x_lc_rd_eabi.lib : int49.asm.obj (.int49)

TIMER3_A0 
*          0    0000ffec    00000002     
                  0000ffec    00000002     rts430x_lc_rd_eabi.lib : int50.asm.obj (.int50)

TIMER2_A1 
*          0    0000ffee    00000002     
                  0000ffee    00000002     rts430x_lc_rd_eabi.lib : int51.asm.obj (.int51)

TIMER2_A0 
*          0    0000fff0    00000002     
                  0000fff0    00000002     rts430x_lc_rd_eabi.lib : int52.asm.obj (.int52)

TIMER1_A1 
*          0    0000fff2    00000002     
                  0000fff2    00000002     myRTC.obj (.int53)

TIMER1_A0 
*          0    0000fff4    00000002     
                  0000fff4    00000002     rts430x_lc_rd_eabi.lib : int54.asm.obj (.int54)

TIMER0_A1 
*          0    0000fff6    00000002     
                  0000fff6    00000002     rts430x_lc_rd_eabi.lib : int55.asm.obj (.int55)

TIMER0_A0 
*          0    0000fff8    00000002     
                  0000fff8    00000002     rts430x_lc_rd_eabi.lib : int56.asm.obj (.int56)

UNMI       0    0000fffa    00000002     
                  0000fffa    00000002     rts430x_lc_rd_eabi.lib : int57.asm.obj (.int57)

SYSNMI     0    0000fffc    00000002     
                  0000fffc    00000002     rts430x_lc_rd_eabi.lib : int58.asm.obj (.int58)

.reset     0    0000fffe    00000002     
                  0000fffe    00000002     rts430x_lc_rd_eabi.lib : boot.c.obj (.reset)

$fill000   0    0000ff80    00000004     
                  0000ff80    00000004     --HOLE-- [fill = ffff]

$fill001   0    0000ff84    00000004     
                  0000ff84    00000004     --HOLE-- [fill = ffff]

MODULE SUMMARY

       Module                       code    ro data   rw data
       ------                       ----    -------   -------
    .\
       main3.obj                    690     0         1365   
       uart.obj                     994     18        91     
       i2c.obj                      760     26        75     
       myRadio.obj                  784     2         6      
       hal_spi.obj                  568     18        0      
       packet.obj                   518     0         66     
       myRTC.obj                    286     22        4      
       hal_rf.obj                   256     47        0      
       init.obj                     174     0         0      
       timeOut.obj                  78      2         1      
    +--+----------------------------+-------+---------+---------+
       Total:                       5108    135       1608   
                                                             
    .\driverlib\MSP430FR2xx_4xx\
       cs.obj                       1376    0         4      
       gpio.obj                     982     28        0      
       eusci_b_i2c.obj              630     0         0      
       eusci_a_uart.obj             480     0         0      
       timer_a.obj                  288     0         0      
       eusci_a_spi.obj              284     0         0      
       rtc.obj                      136     0         0      
       wdt_a.obj                    112     0         0      
       sfr.obj                      28      0         0      
       pmm.obj                      24      0         0      
    +--+----------------------------+-------+---------+---------+
       Total:                       4340    28        4      
                                                             
    C:\ti\ccsv8\tools\compiler\ti-cgt-msp430_18.1.3.LTS\lib\rts430x_lc_rd_eabi.lib
       copy_decompress_lzss.c.obj   118     0         0      
       div32u.asm.obj               88      0         0      
       autoinit.c.obj               84      0         0      
       div32s.asm.obj               64      0         0      
       lsl32.asm.obj                62      0         0      
       div16s.asm.obj               44      0         0      
       copy_zero_init.c.obj         36      0         0      
       mult32_f5hw.asm.obj          36      0         0      
       boot.c.obj                   28      2         0      
       div16u.asm.obj               22      0         0      
       memcpy.c.obj                 20      0         0      
       copy_decompress_none.c.obj   18      0         0      
       lsl16.asm.obj                10      0         0      
       isr_trap.asm.obj             8       0         0      
       exit.c.obj                   6       0         0      
       pre_init.c.obj               4       0         0      
       int41.asm.obj                0       2         0      
       int43.asm.obj                0       2         0      
       int45.asm.obj                0       2         0      
       int49.asm.obj                0       2         0      
       int50.asm.obj                0       2         0      
       int51.asm.obj                0       2         0      
       int52.asm.obj                0       2         0      
       int54.asm.obj                0       2         0      
       int55.asm.obj                0       2         0      
       int56.asm.obj                0       2         0      
       int57.asm.obj                0       2         0      
       int58.asm.obj                0       2         0      
       startup.c.obj                2       0         0      
    +--+----------------------------+-------+---------+---------+
       Total:                       650     26        0      
                                                             
       Stack:                       0       0         160    
       Linker Generated:            0       44        0      
    +--+----------------------------+-------+---------+---------+
       Grand Total:                 10098   233       1772   


LINKER GENERATED COPY TABLES

__TI_cinit_table @ 0000c41c records: 2, size/record: 8, table size: 16
	.data: load addr=0000c40c, load size=0000000a bytes, run addr=00002640, run size=0000000c bytes, compression=lzss
	.bss: load addr=0000c416, load size=00000006 bytes, run addr=00002000, run size=00000640 bytes, compression=zero_init


LINKER GENERATED HANDLER TABLE

__TI_handler_table @ 0000c400 records: 3, size/record: 4, table size: 12
	index: 0, handler: __TI_zero_init
	index: 1, handler: __TI_decompress_lzss
	index: 2, handler: __TI_decompress_none


GLOBAL SYMBOLS: SORTED ALPHABETICALLY BY Name 

address   name                                       
-------   ----                                       
00000700  ADCCTL0                                    
00000701  ADCCTL0_H                                  
00000700  ADCCTL0_L                                  
00000702  ADCCTL1                                    
00000703  ADCCTL1_H                                  
00000702  ADCCTL1_L                                  
00000704  ADCCTL2                                    
00000705  ADCCTL2_H                                  
00000704  ADCCTL2_L                                  
00000708  ADCHI                                      
00000709  ADCHI_H                                    
00000708  ADCHI_L                                    
0000071a  ADCIE                                      
0000071b  ADCIE_H                                    
0000071a  ADCIE_L                                    
0000071c  ADCIFG                                     
0000071d  ADCIFG_H                                   
0000071c  ADCIFG_L                                   
0000071e  ADCIV                                      
0000071f  ADCIV_H                                    
0000071e  ADCIV_L                                    
00000706  ADCLO                                      
00000707  ADCLO_H                                    
00000706  ADCLO_L                                    
0000070a  ADCMCTL0                                   
0000070b  ADCMCTL0_H                                 
0000070a  ADCMCTL0_L                                 
00000712  ADCMEM0                                    
00000713  ADCMEM0_H                                  
00000712  ADCMEM0_L                                  
00000660  BAKMEM0                                    
00000661  BAKMEM0_H                                  
00000660  BAKMEM0_L                                  
00000662  BAKMEM1                                    
00000674  BAKMEM10                                   
00000675  BAKMEM10_H                                 
00000674  BAKMEM10_L                                 
00000676  BAKMEM11                                   
00000677  BAKMEM11_H                                 
00000676  BAKMEM11_L                                 
00000678  BAKMEM12                                   
00000679  BAKMEM12_H                                 
00000678  BAKMEM12_L                                 
0000067a  BAKMEM13                                   
0000067b  BAKMEM13_H                                 
0000067a  BAKMEM13_L                                 
0000067c  BAKMEM14                                   
0000067d  BAKMEM14_H                                 
0000067c  BAKMEM14_L                                 
0000067e  BAKMEM15                                   
0000067f  BAKMEM15_H                                 
0000067e  BAKMEM15_L                                 
00000663  BAKMEM1_H                                  
00000662  BAKMEM1_L                                  
00000664  BAKMEM2                                    
00000665  BAKMEM2_H                                  
00000664  BAKMEM2_L                                  
00000666  BAKMEM3                                    
00000667  BAKMEM3_H                                  
00000666  BAKMEM3_L                                  
00000668  BAKMEM4                                    
00000669  BAKMEM4_H                                  
00000668  BAKMEM4_L                                  
0000066a  BAKMEM5                                    
0000066b  BAKMEM5_H                                  
0000066a  BAKMEM5_L                                  
0000066c  BAKMEM6                                    
0000066d  BAKMEM6_H                                  
0000066c  BAKMEM6_L                                  
0000066e  BAKMEM7                                    
0000066f  BAKMEM7_H                                  
0000066e  BAKMEM7_L                                  
00000670  BAKMEM8                                    
00000671  BAKMEM8_H                                  
00000670  BAKMEM8_L                                  
00000672  BAKMEM9                                    
00000673  BAKMEM9_H                                  
00000672  BAKMEM9_L                                  
0000ec2a  C$$EXIT                                    
000001c0  CRCDI                                      
000001c2  CRCDIRB                                    
000001c3  CRCDIRB_H                                  
000001c2  CRCDIRB_L                                  
000001c1  CRCDI_H                                    
000001c0  CRCDI_L                                    
000001c4  CRCINIRES                                  
000001c5  CRCINIRES_H                                
000001c4  CRCINIRES_L                                
000001c6  CRCRESR                                    
000001c7  CRCRESR_H                                  
000001c6  CRCRESR_L                                  
00000180  CSCTL0                                     
00000181  CSCTL0_H                                   
00000180  CSCTL0_L                                   
00000182  CSCTL1                                     
00000183  CSCTL1_H                                   
00000182  CSCTL1_L                                   
00000184  CSCTL2                                     
00000185  CSCTL2_H                                   
00000184  CSCTL2_L                                   
00000186  CSCTL3                                     
00000187  CSCTL3_H                                   
00000186  CSCTL3_L                                   
00000188  CSCTL4                                     
00000189  CSCTL4_H                                   
00000188  CSCTL4_L                                   
0000018a  CSCTL5                                     
0000018b  CSCTL5_H                                   
0000018a  CSCTL5_L                                   
0000018c  CSCTL6                                     
0000018d  CSCTL6_H                                   
0000018c  CSCTL6_L                                   
0000018e  CSCTL7                                     
0000018f  CSCTL7_H                                   
0000018e  CSCTL7_L                                   
00000190  CSCTL8                                     
00000191  CSCTL8_H                                   
00000190  CSCTL8_L                                   
0000e5bc  CS_getSMCLK                                
0000ccb0  CS_initClockSignal                         
0000cfe4  CS_initFLL                                 
0000e0d4  CS_initFLLSettle                           
0000e8c0  CS_setExternalClockSource                  
0000e4b6  CS_turnOnXT1LF                             
0000e816  EUSCI_A_SPI_clearInterrupt                 
0000eb96  EUSCI_A_SPI_enable                         
0000e9c0  EUSCI_A_SPI_getInterruptStatus             
0000da34  EUSCI_A_SPI_initMaster                     
0000eadc  EUSCI_A_SPI_isBusy                         
0000eaf0  EUSCI_A_SPI_receiveData                    
0000e8e0  EUSCI_A_SPI_transmitData                   
0000e838  EUSCI_A_UART_clearInterrupt                
0000eba4  EUSCI_A_UART_enable                        
0000e2f0  EUSCI_A_UART_enableInterrupt               
0000cde2  EUSCI_A_UART_init                          
0000e644  EUSCI_A_UART_receiveData                   
0000e4ee  EUSCI_A_UART_transmitData                  
0000e900  EUSCI_B_I2C_clearInterrupt                 
0000ebb2  EUSCI_B_I2C_disable                        
0000e920  EUSCI_B_I2C_disableInterrupt               
0000ebc0  EUSCI_B_I2C_enable                         
0000e940  EUSCI_B_I2C_enableInterrupt                
0000d916  EUSCI_B_I2C_initMaster                     
0000eb04  EUSCI_B_I2C_isBusBusy                      
0000eb66  EUSCI_B_I2C_masterIsStopSent               
0000e66e  EUSCI_B_I2C_masterReceiveSingle            
0000ea84  EUSCI_B_I2C_masterReceiveStart             
0000e524  EUSCI_B_I2C_masterSendMultiByteNext        
0000df14  EUSCI_B_I2C_masterSendMultiByteStart       
0000e762  EUSCI_B_I2C_masterSendMultiByteStop        
0000ebce  EUSCI_B_I2C_masterSendStart                
0000e85a  EUSCI_B_I2C_setMode                        
0000e960  EUSCI_B_I2C_setSlaveAddress                
000001a0  FRCTL0                                     
000001a1  FRCTL0_H                                   
000001a0  FRCTL0_L                                   
000001a4  GCCTL0                                     
000001a5  GCCTL0_H                                   
000001a4  GCCTL0_L                                   
000001a6  GCCTL1                                     
000001a7  GCCTL1_H                                   
000001a6  GCCTL1_L                                   
0000e334  GPIO_clearInterrupt                        
0000e376  GPIO_enableInterrupt                       
0000e216  GPIO_getInputPinValue                      
0000df70  GPIO_selectInterruptEdge                   
0000dd1a  GPIO_setAsInputPin                         
0000dfcc  GPIO_setAsOutputPin                        
0000d3f0  GPIO_setAsPeripheralModuleFunctionInputPin 
0000d4a2  GPIO_setAsPeripheralModuleFunctionOutputPin
0000e3b8  GPIO_setOutputHighOnPin                    
0000e3f8  GPIO_setOutputLowOnPin                     
000004c4  MAC                                        
000004da  MAC32H                                     
000004db  MAC32H_H                                   
000004da  MAC32H_L                                   
000004d8  MAC32L                                     
000004d9  MAC32L_H                                   
000004d8  MAC32L_L                                   
000004c6  MACS                                       
000004de  MACS32H                                    
000004df  MACS32H_H                                  
000004de  MACS32H_L                                  
000004dc  MACS32L                                    
000004dd  MACS32L_H                                  
000004dc  MACS32L_L                                  
000004c7  MACS_H                                     
000004c6  MACS_L                                     
000004c5  MAC_H                                      
000004c4  MAC_L                                      
000004c0  MPY                                        
000004ec  MPY32CTL0                                  
000004ed  MPY32CTL0_H                                
000004ec  MPY32CTL0_L                                
000004d2  MPY32H                                     
000004d3  MPY32H_H                                   
000004d2  MPY32H_L                                   
000004d0  MPY32L                                     
000004d1  MPY32L_H                                   
000004d0  MPY32L_L                                   
000004c2  MPYS                                       
000004d6  MPYS32H                                    
000004d7  MPYS32H_H                                  
000004d6  MPYS32H_L                                  
000004d4  MPYS32L                                    
000004d5  MPYS32L_H                                  
000004d4  MPYS32L_L                                  
000004c3  MPYS_H                                     
000004c2  MPYS_L                                     
000004c1  MPY_H                                      
000004c0  MPY_L                                      
000004c8  OP2                                        
000004e2  OP2H                                       
000004e3  OP2H_H                                     
000004e2  OP2H_L                                     
000004e0  OP2L                                       
000004e1  OP2L_H                                     
000004e0  OP2L_L                                     
000004c9  OP2_H                                      
000004c8  OP2_L                                      
0000020e  P1IV                                       
0000021e  P2IV                                       
00000204  PADIR                                      
00000205  PADIR_H                                    
00000204  PADIR_L                                    
0000021a  PAIE                                       
00000218  PAIES                                      
00000219  PAIES_H                                    
00000218  PAIES_L                                    
0000021b  PAIE_H                                     
0000021a  PAIE_L                                     
0000021c  PAIFG                                      
0000021d  PAIFG_H                                    
0000021c  PAIFG_L                                    
00000200  PAIN                                       
00000201  PAIN_H                                     
00000200  PAIN_L                                     
00000202  PAOUT                                      
00000203  PAOUT_H                                    
00000202  PAOUT_L                                    
00000206  PAREN                                      
00000207  PAREN_H                                    
00000206  PAREN_L                                    
0000020a  PASEL0                                     
0000020b  PASEL0_H                                   
0000020a  PASEL0_L                                   
0000020c  PASEL1                                     
0000020d  PASEL1_H                                   
0000020c  PASEL1_L                                   
00000224  PBDIR                                      
00000225  PBDIR_H                                    
00000224  PBDIR_L                                    
00000220  PBIN                                       
00000221  PBIN_H                                     
00000220  PBIN_L                                     
00000222  PBOUT                                      
00000223  PBOUT_H                                    
00000222  PBOUT_L                                    
00000226  PBREN                                      
00000227  PBREN_H                                    
00000226  PBREN_L                                    
0000022a  PBSEL0                                     
0000022b  PBSEL0_H                                   
0000022a  PBSEL0_L                                   
0000022c  PBSEL1                                     
0000022d  PBSEL1_H                                   
0000022c  PBSEL1_L                                   
00000130  PM5CTL0                                    
00000131  PM5CTL0_H                                  
00000130  PM5CTL0_L                                  
00000120  PMMCTL0                                    
00000121  PMMCTL0_H                                  
00000120  PMMCTL0_L                                  
00000122  PMMCTL1                                    
00000123  PMMCTL1_H                                  
00000122  PMMCTL1_L                                  
00000124  PMMCTL2                                    
00000125  PMMCTL2_H                                  
00000124  PMMCTL2_L                                  
0000012e  PMMIE                                      
0000012f  PMMIE_H                                    
0000012e  PMMIE_L                                    
0000012a  PMMIFG                                     
0000012b  PMMIFG_H                                   
0000012a  PMMIFG_L                                   
0000eb76  PMM_trigPOR                                
0000ec1a  PMM_unlockLPM5                             
0000dd84  Port_1                                     
000004e4  RES0                                       
000004e5  RES0_H                                     
000004e4  RES0_L                                     
000004e6  RES1                                       
000004e7  RES1_H                                     
000004e6  RES1_L                                     
000004e8  RES2                                       
000004e9  RES2_H                                     
000004e8  RES2_L                                     
000004ea  RES3                                       
000004eb  RES3_H                                     
000004ea  RES3_L                                     
000004cc  RESHI                                      
000004cd  RESHI_H                                    
000004cc  RESHI_L                                    
000004ca  RESLO                                      
000004cb  RESLO_H                                    
000004ca  RESLO_L                                    
0000030c  RTCCNT                                     
0000030d  RTCCNT_H                                   
0000030c  RTCCNT_L                                   
00000300  RTCCTL                                     
00000301  RTCCTL_H                                   
00000300  RTCCTL_L                                   
00000304  RTCIV                                      
00000305  RTCIV_H                                    
00000304  RTCIV_L                                    
00000308  RTCMOD                                     
00000309  RTCMOD_H                                   
00000308  RTCMOD_L                                   
0000e55a  RTC_ISR                                    
0000ea9a  RTC_clearInterrupt                         
0000e9fc  RTC_enableInterrupt                        
0000e5ea  RTC_init                                   
0000e6ec  RTC_start                                  
00000100  SFRIE1                                     
00000101  SFRIE1_H                                   
00000100  SFRIE1_L                                   
00000102  SFRIFG1                                    
00000103  SFRIFG1_H                                  
00000102  SFRIFG1_L                                  
00000104  SFRRPCR                                    
00000105  SFRRPCR_H                                  
00000104  SFRRPCR_L                                  
0000ebdc  SFR_clearInterrupt                         
0000ebea  SFR_enableInterrupt                        
000004ce  SUMEXT                                     
000004cf  SUMEXT_H                                   
000004ce  SUMEXT_L                                   
00000158  SYSBERRIV                                  
00000159  SYSBERRIV_H                                
00000158  SYSBERRIV_L                                
00000142  SYSBSLC                                    
00000143  SYSBSLC_H                                  
00000142  SYSBSLC_L                                  
00000160  SYSCFG0                                    
00000161  SYSCFG0_H                                  
00000160  SYSCFG0_L                                  
00000162  SYSCFG1                                    
00000163  SYSCFG1_H                                  
00000162  SYSCFG1_L                                  
00000164  SYSCFG2                                    
00000165  SYSCFG2_H                                  
00000164  SYSCFG2_L                                  
00000140  SYSCTL                                     
00000141  SYSCTL_H                                   
00000140  SYSCTL_L                                   
00000146  SYSJMBC                                    
00000147  SYSJMBC_H                                  
00000146  SYSJMBC_L                                  
00000148  SYSJMBI0                                   
00000149  SYSJMBI0_H                                 
00000148  SYSJMBI0_L                                 
0000014a  SYSJMBI1                                   
0000014b  SYSJMBI1_H                                 
0000014a  SYSJMBI1_L                                 
0000014c  SYSJMBO0                                   
0000014d  SYSJMBO0_H                                 
0000014c  SYSJMBO0_L                                 
0000014e  SYSJMBO1                                   
0000014f  SYSJMBO1_H                                 
0000014e  SYSJMBO1_L                                 
0000015e  SYSRSTIV                                   
0000015f  SYSRSTIV_H                                 
0000015e  SYSRSTIV_L                                 
0000015c  SYSSNIV                                    
0000015d  SYSSNIV_H                                  
0000015c  SYSSNIV_L                                  
0000015a  SYSUNIV                                    
0000015b  SYSUNIV_H                                  
0000015a  SYSUNIV_L                                  
00000392  TA0CCR0                                    
00000394  TA0CCR1                                    
00000396  TA0CCR2                                    
00000382  TA0CCTL0                                   
00000384  TA0CCTL1                                   
00000386  TA0CCTL2                                   
00000380  TA0CTL                                     
000003a0  TA0EX0                                     
000003ae  TA0IV                                      
00000390  TA0R                                       
000003d2  TA1CCR0                                    
000003d4  TA1CCR1                                    
000003d6  TA1CCR2                                    
000003c2  TA1CCTL0                                   
000003c4  TA1CCTL1                                   
000003c6  TA1CCTL2                                   
000003c0  TA1CTL                                     
000003e0  TA1EX0                                     
000003ee  TA1IV                                      
000003d0  TA1R                                       
00000412  TA2CCR0                                    
00000414  TA2CCR1                                    
00000402  TA2CCTL0                                   
00000404  TA2CCTL1                                   
00000400  TA2CTL                                     
00000420  TA2EX0                                     
0000042e  TA2IV                                      
00000410  TA2R                                       
00000452  TA3CCR0                                    
00000454  TA3CCR1                                    
00000442  TA3CCTL0                                   
00000444  TA3CCTL1                                   
00000440  TA3CTL                                     
00000460  TA3EX0                                     
0000046e  TA3IV                                      
00000450  TA3R                                       
0000e87c  TIMER1_A1_ISR                              
0000ea50  Timer_A_clearCaptureCompareInterrupt       
0000deb6  Timer_A_initCompareMode                    
0000dc2c  Timer_A_initContinuousMode                 
0000e980  Timer_A_startCounter                       
0000eb86  Timer_A_stop                               
00000510  UCA0ABCTL                                  
00000506  UCA0BRW                                    
00000507  UCA0BRW_H                                  
00000506  UCA0BRW_L                                  
00000500  UCA0CTLW0                                  
00000501  UCA0CTLW0_H                                
00000500  UCA0CTLW0_L                                
00000502  UCA0CTLW1                                  
00000503  UCA0CTLW1_H                                
00000502  UCA0CTLW1_L                                
0000051a  UCA0IE                                     
0000051b  UCA0IE_H                                   
0000051a  UCA0IE_L                                   
0000051c  UCA0IFG                                    
0000051d  UCA0IFG_H                                  
0000051c  UCA0IFG_L                                  
00000512  UCA0IRCTL                                  
00000513  UCA0IRCTL_H                                
00000512  UCA0IRCTL_L                                
0000051e  UCA0IV                                     
00000508  UCA0MCTLW                                  
00000509  UCA0MCTLW_H                                
00000508  UCA0MCTLW_L                                
0000050c  UCA0RXBUF                                  
0000050d  UCA0RXBUF_H                                
0000050c  UCA0RXBUF_L                                
0000050a  UCA0STATW                                  
0000050e  UCA0TXBUF                                  
0000050f  UCA0TXBUF_H                                
0000050e  UCA0TXBUF_L                                
00000530  UCA1ABCTL                                  
00000526  UCA1BRW                                    
00000527  UCA1BRW_H                                  
00000526  UCA1BRW_L                                  
00000520  UCA1CTLW0                                  
00000521  UCA1CTLW0_H                                
00000520  UCA1CTLW0_L                                
00000522  UCA1CTLW1                                  
00000523  UCA1CTLW1_H                                
00000522  UCA1CTLW1_L                                
0000053a  UCA1IE                                     
0000053b  UCA1IE_H                                   
0000053a  UCA1IE_L                                   
0000053c  UCA1IFG                                    
0000053d  UCA1IFG_H                                  
0000053c  UCA1IFG_L                                  
00000532  UCA1IRCTL                                  
00000533  UCA1IRCTL_H                                
00000532  UCA1IRCTL_L                                
0000053e  UCA1IV                                     
00000528  UCA1MCTLW                                  
00000529  UCA1MCTLW_H                                
00000528  UCA1MCTLW_L                                
0000052c  UCA1RXBUF                                  
0000052d  UCA1RXBUF_H                                
0000052c  UCA1RXBUF_L                                
0000052a  UCA1STATW                                  
0000052e  UCA1TXBUF                                  
0000052f  UCA1TXBUF_H                                
0000052e  UCA1TXBUF_L                                
0000055e  UCB0ADDMASK                                
0000055f  UCB0ADDMASK_H                              
0000055e  UCB0ADDMASK_L                              
0000055c  UCB0ADDRX                                  
0000055d  UCB0ADDRX_H                                
0000055c  UCB0ADDRX_L                                
00000546  UCB0BRW                                    
00000547  UCB0BRW_H                                  
00000546  UCB0BRW_L                                  
00000540  UCB0CTLW0                                  
00000541  UCB0CTLW0_H                                
00000540  UCB0CTLW0_L                                
00000542  UCB0CTLW1                                  
00000543  UCB0CTLW1_H                                
00000542  UCB0CTLW1_L                                
00000554  UCB0I2COA0                                 
00000555  UCB0I2COA0_H                               
00000554  UCB0I2COA0_L                               
00000556  UCB0I2COA1                                 
00000557  UCB0I2COA1_H                               
00000556  UCB0I2COA1_L                               
00000558  UCB0I2COA2                                 
00000559  UCB0I2COA2_H                               
00000558  UCB0I2COA2_L                               
0000055a  UCB0I2COA3                                 
0000055b  UCB0I2COA3_H                               
0000055a  UCB0I2COA3_L                               
00000560  UCB0I2CSA                                  
00000561  UCB0I2CSA_H                                
00000560  UCB0I2CSA_L                                
0000056a  UCB0IE                                     
0000056b  UCB0IE_H                                   
0000056a  UCB0IE_L                                   
0000056c  UCB0IFG                                    
0000056d  UCB0IFG_H                                  
0000056c  UCB0IFG_L                                  
0000056e  UCB0IV                                     
0000054c  UCB0RXBUF                                  
0000054d  UCB0RXBUF_H                                
0000054c  UCB0RXBUF_L                                
00000548  UCB0STATW                                  
00000549  UCB0STATW_H                                
00000548  UCB0STATW_L                                
0000054a  UCB0TBCNT                                  
0000054b  UCB0TBCNT_H                                
0000054a  UCB0TBCNT_L                                
0000054e  UCB0TXBUF                                  
0000054f  UCB0TXBUF_H                                
0000054e  UCB0TXBUF_L                                
0000d0d8  USCIB0_ISR                                 
0000c4c4  USCI_A0_ISR                                
000001cc  WDTCTL                                     
000001cd  WDTCTL_H                                   
000001cc  WDTCTL_L                                   
0000ea6a  WDT_A_ISR                                  
0000e786  WDT_A_hold                                 
0000e714  WDT_A_initIntervalTimer                    
0000e7aa  WDT_A_start                                
00003000  __STACK_END                                
000000a0  __STACK_SIZE                               
0000c41c  __TI_CINIT_Base                            
0000c42c  __TI_CINIT_Limit                           
0000c400  __TI_Handler_Table_Base                    
0000c40c  __TI_Handler_Table_Limit                   
0000ec22  __TI_ISR_TRAP                              
0000e080  __TI_auto_init_nobinit_nopinit_hold_wdt    
0000dca4  __TI_decompress_lzss                       
0000eb54  __TI_decompress_none                       
0000ffda  __TI_int41                                 
0000ffdc  __TI_int42                                 
0000ffde  __TI_int43                                 
0000ffe0  __TI_int44                                 
0000ffe2  __TI_int45                                 
0000ffe4  __TI_int46                                 
0000ffe6  __TI_int47                                 
0000ffe8  __TI_int48                                 
0000ffea  __TI_int49                                 
0000ffec  __TI_int50                                 
0000ffee  __TI_int51                                 
0000fff0  __TI_int52                                 
0000fff2  __TI_int53                                 
0000fff4  __TI_int54                                 
0000fff6  __TI_int55                                 
0000fff8  __TI_int56                                 
0000fffa  __TI_int57                                 
0000fffc  __TI_int58                                 
ffffffff  __TI_pprof_out_hndl                        
ffffffff  __TI_prof_data_size                        
ffffffff  __TI_prof_data_start                       
0000e7ce  __TI_zero_init                             
ffffffff  __c_args__                                 
0000e618  __mspabi_divi                              
0000e438  __mspabi_divli                             
0000eac6  __mspabi_divu                              
0000e028  __mspabi_divul                             
0000e7f2  __mspabi_mpyl_f5hw                         
0000e618  __mspabi_remi                              
0000e438  __mspabi_remli                             
0000eac6  __mspabi_remu                              
0000e028  __mspabi_remul                             
0000ec06  __mspabi_slli                              
0000e4b0  __mspabi_slll_1                            
0000e48c  __mspabi_slll_10                           
0000e488  __mspabi_slll_11                           
0000e484  __mspabi_slll_12                           
0000e480  __mspabi_slll_13                           
0000e47c  __mspabi_slll_14                           
0000e478  __mspabi_slll_15                           
0000e4ac  __mspabi_slll_2                            
0000e4a8  __mspabi_slll_3                            
0000e4a4  __mspabi_slll_4                            
0000e4a0  __mspabi_slll_5                            
0000e49c  __mspabi_slll_6                            
0000e498  __mspabi_slll_7                            
0000e494  __mspabi_slll_8                            
0000e490  __mspabi_slll_9                            
0000ea18  _c_int00_noargs                            
0000fffe  _reset_vector                              
00002f60  _stack                                     
0000ec34  _system_post_cinit                         
0000ec30  _system_pre_init                           
0000ec2a  abort                                      
0000c79e  buildPacket                                
0000eb18  clearCommandList                           
0000263a  dataChannel                                
0000262e  epochTime                                  
0000e1c8  getRSSI                                    
0000db38  getUARTCommand                             
0000e73c  halRfBurstConfig                           
0000ea34  halRfReadFifo                              
0000e9a0  halRfReadStatusReg                         
0000e178  halRfResetChip                             
0000ebf8  halRfStrobe                                
0000e9de  halRfWriteFifo                             
0000e89e  halRfWriteReg                              
0000d9a6  halSpiInit                                 
0000d282  halSpiRead                                 
0000e126  halSpiStrobe                               
0000d744  halSpiWrite                                
00002649  hubID                                      
0000e262  initClocks                                 
0000ddee  initGPIO                                   
0000e58c  initRTC                                    
0000e698  initRadio                                  
0000dbb2  initUART                                   
0000c990  main                                       
0000d6a4  measureI2C                                 
0000eb2c  memcpy                                     
0000d7e2  myDelay                                    
0000c42c  myRfConfigCC1101                           
0000264a  nodeID                                     
0000263b  packetReceived                             
0000263c  packetSent                                 
00002540  radioCommandBuffer                         
0000263d  radioMode                                  
00002000  radioResponseBuffer                        
0000de54  responseBufferAdd                          
0000daba  responseBufferSend                         
00002638  rssi_dBm                                   
0000cb62  rxRecvPacket                               
0000eb40  sendPacket                                 
0000e6c2  startTimeOut                               
0000263e  state                                      
0000ec10  stopTimeOut                                
000025fc  sysState                                   
0000263f  timeOut                                    
0000d87c  txSendPacket                               
00002580  uartCommandBuffer                          
00002647  validRadioCommand                          
00002632  wxOut                                      
00002626  wxOutTime                                  


GLOBAL SYMBOLS: SORTED BY Symbol Address 

address   name                                       
-------   ----                                       
000000a0  __STACK_SIZE                               
00000100  SFRIE1                                     
00000100  SFRIE1_L                                   
00000101  SFRIE1_H                                   
00000102  SFRIFG1                                    
00000102  SFRIFG1_L                                  
00000103  SFRIFG1_H                                  
00000104  SFRRPCR                                    
00000104  SFRRPCR_L                                  
00000105  SFRRPCR_H                                  
00000120  PMMCTL0                                    
00000120  PMMCTL0_L                                  
00000121  PMMCTL0_H                                  
00000122  PMMCTL1                                    
00000122  PMMCTL1_L                                  
00000123  PMMCTL1_H                                  
00000124  PMMCTL2                                    
00000124  PMMCTL2_L                                  
00000125  PMMCTL2_H                                  
0000012a  PMMIFG                                     
0000012a  PMMIFG_L                                   
0000012b  PMMIFG_H                                   
0000012e  PMMIE                                      
0000012e  PMMIE_L                                    
0000012f  PMMIE_H                                    
00000130  PM5CTL0                                    
00000130  PM5CTL0_L                                  
00000131  PM5CTL0_H                                  
00000140  SYSCTL                                     
00000140  SYSCTL_L                                   
00000141  SYSCTL_H                                   
00000142  SYSBSLC                                    
00000142  SYSBSLC_L                                  
00000143  SYSBSLC_H                                  
00000146  SYSJMBC                                    
00000146  SYSJMBC_L                                  
00000147  SYSJMBC_H                                  
00000148  SYSJMBI0                                   
00000148  SYSJMBI0_L                                 
00000149  SYSJMBI0_H                                 
0000014a  SYSJMBI1                                   
0000014a  SYSJMBI1_L                                 
0000014b  SYSJMBI1_H                                 
0000014c  SYSJMBO0                                   
0000014c  SYSJMBO0_L                                 
0000014d  SYSJMBO0_H                                 
0000014e  SYSJMBO1                                   
0000014e  SYSJMBO1_L                                 
0000014f  SYSJMBO1_H                                 
00000158  SYSBERRIV                                  
00000158  SYSBERRIV_L                                
00000159  SYSBERRIV_H                                
0000015a  SYSUNIV                                    
0000015a  SYSUNIV_L                                  
0000015b  SYSUNIV_H                                  
0000015c  SYSSNIV                                    
0000015c  SYSSNIV_L                                  
0000015d  SYSSNIV_H                                  
0000015e  SYSRSTIV                                   
0000015e  SYSRSTIV_L                                 
0000015f  SYSRSTIV_H                                 
00000160  SYSCFG0                                    
00000160  SYSCFG0_L                                  
00000161  SYSCFG0_H                                  
00000162  SYSCFG1                                    
00000162  SYSCFG1_L                                  
00000163  SYSCFG1_H                                  
00000164  SYSCFG2                                    
00000164  SYSCFG2_L                                  
00000165  SYSCFG2_H                                  
00000180  CSCTL0                                     
00000180  CSCTL0_L                                   
00000181  CSCTL0_H                                   
00000182  CSCTL1                                     
00000182  CSCTL1_L                                   
00000183  CSCTL1_H                                   
00000184  CSCTL2                                     
00000184  CSCTL2_L                                   
00000185  CSCTL2_H                                   
00000186  CSCTL3                                     
00000186  CSCTL3_L                                   
00000187  CSCTL3_H                                   
00000188  CSCTL4                                     
00000188  CSCTL4_L                                   
00000189  CSCTL4_H                                   
0000018a  CSCTL5                                     
0000018a  CSCTL5_L                                   
0000018b  CSCTL5_H                                   
0000018c  CSCTL6                                     
0000018c  CSCTL6_L                                   
0000018d  CSCTL6_H                                   
0000018e  CSCTL7                                     
0000018e  CSCTL7_L                                   
0000018f  CSCTL7_H                                   
00000190  CSCTL8                                     
00000190  CSCTL8_L                                   
00000191  CSCTL8_H                                   
000001a0  FRCTL0                                     
000001a0  FRCTL0_L                                   
000001a1  FRCTL0_H                                   
000001a4  GCCTL0                                     
000001a4  GCCTL0_L                                   
000001a5  GCCTL0_H                                   
000001a6  GCCTL1                                     
000001a6  GCCTL1_L                                   
000001a7  GCCTL1_H                                   
000001c0  CRCDI                                      
000001c0  CRCDI_L                                    
000001c1  CRCDI_H                                    
000001c2  CRCDIRB                                    
000001c2  CRCDIRB_L                                  
000001c3  CRCDIRB_H                                  
000001c4  CRCINIRES                                  
000001c4  CRCINIRES_L                                
000001c5  CRCINIRES_H                                
000001c6  CRCRESR                                    
000001c6  CRCRESR_L                                  
000001c7  CRCRESR_H                                  
000001cc  WDTCTL                                     
000001cc  WDTCTL_L                                   
000001cd  WDTCTL_H                                   
00000200  PAIN                                       
00000200  PAIN_L                                     
00000201  PAIN_H                                     
00000202  PAOUT                                      
00000202  PAOUT_L                                    
00000203  PAOUT_H                                    
00000204  PADIR                                      
00000204  PADIR_L                                    
00000205  PADIR_H                                    
00000206  PAREN                                      
00000206  PAREN_L                                    
00000207  PAREN_H                                    
0000020a  PASEL0                                     
0000020a  PASEL0_L                                   
0000020b  PASEL0_H                                   
0000020c  PASEL1                                     
0000020c  PASEL1_L                                   
0000020d  PASEL1_H                                   
0000020e  P1IV                                       
00000218  PAIES                                      
00000218  PAIES_L                                    
00000219  PAIES_H                                    
0000021a  PAIE                                       
0000021a  PAIE_L                                     
0000021b  PAIE_H                                     
0000021c  PAIFG                                      
0000021c  PAIFG_L                                    
0000021d  PAIFG_H                                    
0000021e  P2IV                                       
00000220  PBIN                                       
00000220  PBIN_L                                     
00000221  PBIN_H                                     
00000222  PBOUT                                      
00000222  PBOUT_L                                    
00000223  PBOUT_H                                    
00000224  PBDIR                                      
00000224  PBDIR_L                                    
00000225  PBDIR_H                                    
00000226  PBREN                                      
00000226  PBREN_L                                    
00000227  PBREN_H                                    
0000022a  PBSEL0                                     
0000022a  PBSEL0_L                                   
0000022b  PBSEL0_H                                   
0000022c  PBSEL1                                     
0000022c  PBSEL1_L                                   
0000022d  PBSEL1_H                                   
00000300  RTCCTL                                     
00000300  RTCCTL_L                                   
00000301  RTCCTL_H                                   
00000304  RTCIV                                      
00000304  RTCIV_L                                    
00000305  RTCIV_H                                    
00000308  RTCMOD                                     
00000308  RTCMOD_L                                   
00000309  RTCMOD_H                                   
0000030c  RTCCNT                                     
0000030c  RTCCNT_L                                   
0000030d  RTCCNT_H                                   
00000380  TA0CTL                                     
00000382  TA0CCTL0                                   
00000384  TA0CCTL1                                   
00000386  TA0CCTL2                                   
00000390  TA0R                                       
00000392  TA0CCR0                                    
00000394  TA0CCR1                                    
00000396  TA0CCR2                                    
000003a0  TA0EX0                                     
000003ae  TA0IV                                      
000003c0  TA1CTL                                     
000003c2  TA1CCTL0                                   
000003c4  TA1CCTL1                                   
000003c6  TA1CCTL2                                   
000003d0  TA1R                                       
000003d2  TA1CCR0                                    
000003d4  TA1CCR1                                    
000003d6  TA1CCR2                                    
000003e0  TA1EX0                                     
000003ee  TA1IV                                      
00000400  TA2CTL                                     
00000402  TA2CCTL0                                   
00000404  TA2CCTL1                                   
00000410  TA2R                                       
00000412  TA2CCR0                                    
00000414  TA2CCR1                                    
00000420  TA2EX0                                     
0000042e  TA2IV                                      
00000440  TA3CTL                                     
00000442  TA3CCTL0                                   
00000444  TA3CCTL1                                   
00000450  TA3R                                       
00000452  TA3CCR0                                    
00000454  TA3CCR1                                    
00000460  TA3EX0                                     
0000046e  TA3IV                                      
000004c0  MPY                                        
000004c0  MPY_L                                      
000004c1  MPY_H                                      
000004c2  MPYS                                       
000004c2  MPYS_L                                     
000004c3  MPYS_H                                     
000004c4  MAC                                        
000004c4  MAC_L                                      
000004c5  MAC_H                                      
000004c6  MACS                                       
000004c6  MACS_L                                     
000004c7  MACS_H                                     
000004c8  OP2                                        
000004c8  OP2_L                                      
000004c9  OP2_H                                      
000004ca  RESLO                                      
000004ca  RESLO_L                                    
000004cb  RESLO_H                                    
000004cc  RESHI                                      
000004cc  RESHI_L                                    
000004cd  RESHI_H                                    
000004ce  SUMEXT                                     
000004ce  SUMEXT_L                                   
000004cf  SUMEXT_H                                   
000004d0  MPY32L                                     
000004d0  MPY32L_L                                   
000004d1  MPY32L_H                                   
000004d2  MPY32H                                     
000004d2  MPY32H_L                                   
000004d3  MPY32H_H                                   
000004d4  MPYS32L                                    
000004d4  MPYS32L_L                                  
000004d5  MPYS32L_H                                  
000004d6  MPYS32H                                    
000004d6  MPYS32H_L                                  
000004d7  MPYS32H_H                                  
000004d8  MAC32L                                     
000004d8  MAC32L_L                                   
000004d9  MAC32L_H                                   
000004da  MAC32H                                     
000004da  MAC32H_L                                   
000004db  MAC32H_H                                   
000004dc  MACS32L                                    
000004dc  MACS32L_L                                  
000004dd  MACS32L_H                                  
000004de  MACS32H                                    
000004de  MACS32H_L                                  
000004df  MACS32H_H                                  
000004e0  OP2L                                       
000004e0  OP2L_L                                     
000004e1  OP2L_H                                     
000004e2  OP2H                                       
000004e2  OP2H_L                                     
000004e3  OP2H_H                                     
000004e4  RES0                                       
000004e4  RES0_L                                     
000004e5  RES0_H                                     
000004e6  RES1                                       
000004e6  RES1_L                                     
000004e7  RES1_H                                     
000004e8  RES2                                       
000004e8  RES2_L                                     
000004e9  RES2_H                                     
000004ea  RES3                                       
000004ea  RES3_L                                     
000004eb  RES3_H                                     
000004ec  MPY32CTL0                                  
000004ec  MPY32CTL0_L                                
000004ed  MPY32CTL0_H                                
00000500  UCA0CTLW0                                  
00000500  UCA0CTLW0_L                                
00000501  UCA0CTLW0_H                                
00000502  UCA0CTLW1                                  
00000502  UCA0CTLW1_L                                
00000503  UCA0CTLW1_H                                
00000506  UCA0BRW                                    
00000506  UCA0BRW_L                                  
00000507  UCA0BRW_H                                  
00000508  UCA0MCTLW                                  
00000508  UCA0MCTLW_L                                
00000509  UCA0MCTLW_H                                
0000050a  UCA0STATW                                  
0000050c  UCA0RXBUF                                  
0000050c  UCA0RXBUF_L                                
0000050d  UCA0RXBUF_H                                
0000050e  UCA0TXBUF                                  
0000050e  UCA0TXBUF_L                                
0000050f  UCA0TXBUF_H                                
00000510  UCA0ABCTL                                  
00000512  UCA0IRCTL                                  
00000512  UCA0IRCTL_L                                
00000513  UCA0IRCTL_H                                
0000051a  UCA0IE                                     
0000051a  UCA0IE_L                                   
0000051b  UCA0IE_H                                   
0000051c  UCA0IFG                                    
0000051c  UCA0IFG_L                                  
0000051d  UCA0IFG_H                                  
0000051e  UCA0IV                                     
00000520  UCA1CTLW0                                  
00000520  UCA1CTLW0_L                                
00000521  UCA1CTLW0_H                                
00000522  UCA1CTLW1                                  
00000522  UCA1CTLW1_L                                
00000523  UCA1CTLW1_H                                
00000526  UCA1BRW                                    
00000526  UCA1BRW_L                                  
00000527  UCA1BRW_H                                  
00000528  UCA1MCTLW                                  
00000528  UCA1MCTLW_L                                
00000529  UCA1MCTLW_H                                
0000052a  UCA1STATW                                  
0000052c  UCA1RXBUF                                  
0000052c  UCA1RXBUF_L                                
0000052d  UCA1RXBUF_H                                
0000052e  UCA1TXBUF                                  
0000052e  UCA1TXBUF_L                                
0000052f  UCA1TXBUF_H                                
00000530  UCA1ABCTL                                  
00000532  UCA1IRCTL                                  
00000532  UCA1IRCTL_L                                
00000533  UCA1IRCTL_H                                
0000053a  UCA1IE                                     
0000053a  UCA1IE_L                                   
0000053b  UCA1IE_H                                   
0000053c  UCA1IFG                                    
0000053c  UCA1IFG_L                                  
0000053d  UCA1IFG_H                                  
0000053e  UCA1IV                                     
00000540  UCB0CTLW0                                  
00000540  UCB0CTLW0_L                                
00000541  UCB0CTLW0_H                                
00000542  UCB0CTLW1                                  
00000542  UCB0CTLW1_L                                
00000543  UCB0CTLW1_H                                
00000546  UCB0BRW                                    
00000546  UCB0BRW_L                                  
00000547  UCB0BRW_H                                  
00000548  UCB0STATW                                  
00000548  UCB0STATW_L                                
00000549  UCB0STATW_H                                
0000054a  UCB0TBCNT                                  
0000054a  UCB0TBCNT_L                                
0000054b  UCB0TBCNT_H                                
0000054c  UCB0RXBUF                                  
0000054c  UCB0RXBUF_L                                
0000054d  UCB0RXBUF_H                                
0000054e  UCB0TXBUF                                  
0000054e  UCB0TXBUF_L                                
0000054f  UCB0TXBUF_H                                
00000554  UCB0I2COA0                                 
00000554  UCB0I2COA0_L                               
00000555  UCB0I2COA0_H                               
00000556  UCB0I2COA1                                 
00000556  UCB0I2COA1_L                               
00000557  UCB0I2COA1_H                               
00000558  UCB0I2COA2                                 
00000558  UCB0I2COA2_L                               
00000559  UCB0I2COA2_H                               
0000055a  UCB0I2COA3                                 
0000055a  UCB0I2COA3_L                               
0000055b  UCB0I2COA3_H                               
0000055c  UCB0ADDRX                                  
0000055c  UCB0ADDRX_L                                
0000055d  UCB0ADDRX_H                                
0000055e  UCB0ADDMASK                                
0000055e  UCB0ADDMASK_L                              
0000055f  UCB0ADDMASK_H                              
00000560  UCB0I2CSA                                  
00000560  UCB0I2CSA_L                                
00000561  UCB0I2CSA_H                                
0000056a  UCB0IE                                     
0000056a  UCB0IE_L                                   
0000056b  UCB0IE_H                                   
0000056c  UCB0IFG                                    
0000056c  UCB0IFG_L                                  
0000056d  UCB0IFG_H                                  
0000056e  UCB0IV                                     
00000660  BAKMEM0                                    
00000660  BAKMEM0_L                                  
00000661  BAKMEM0_H                                  
00000662  BAKMEM1                                    
00000662  BAKMEM1_L                                  
00000663  BAKMEM1_H                                  
00000664  BAKMEM2                                    
00000664  BAKMEM2_L                                  
00000665  BAKMEM2_H                                  
00000666  BAKMEM3                                    
00000666  BAKMEM3_L                                  
00000667  BAKMEM3_H                                  
00000668  BAKMEM4                                    
00000668  BAKMEM4_L                                  
00000669  BAKMEM4_H                                  
0000066a  BAKMEM5                                    
0000066a  BAKMEM5_L                                  
0000066b  BAKMEM5_H                                  
0000066c  BAKMEM6                                    
0000066c  BAKMEM6_L                                  
0000066d  BAKMEM6_H                                  
0000066e  BAKMEM7                                    
0000066e  BAKMEM7_L                                  
0000066f  BAKMEM7_H                                  
00000670  BAKMEM8                                    
00000670  BAKMEM8_L                                  
00000671  BAKMEM8_H                                  
00000672  BAKMEM9                                    
00000672  BAKMEM9_L                                  
00000673  BAKMEM9_H                                  
00000674  BAKMEM10                                   
00000674  BAKMEM10_L                                 
00000675  BAKMEM10_H                                 
00000676  BAKMEM11                                   
00000676  BAKMEM11_L                                 
00000677  BAKMEM11_H                                 
00000678  BAKMEM12                                   
00000678  BAKMEM12_L                                 
00000679  BAKMEM12_H                                 
0000067a  BAKMEM13                                   
0000067a  BAKMEM13_L                                 
0000067b  BAKMEM13_H                                 
0000067c  BAKMEM14                                   
0000067c  BAKMEM14_L                                 
0000067d  BAKMEM14_H                                 
0000067e  BAKMEM15                                   
0000067e  BAKMEM15_L                                 
0000067f  BAKMEM15_H                                 
00000700  ADCCTL0                                    
00000700  ADCCTL0_L                                  
00000701  ADCCTL0_H                                  
00000702  ADCCTL1                                    
00000702  ADCCTL1_L                                  
00000703  ADCCTL1_H                                  
00000704  ADCCTL2                                    
00000704  ADCCTL2_L                                  
00000705  ADCCTL2_H                                  
00000706  ADCLO                                      
00000706  ADCLO_L                                    
00000707  ADCLO_H                                    
00000708  ADCHI                                      
00000708  ADCHI_L                                    
00000709  ADCHI_H                                    
0000070a  ADCMCTL0                                   
0000070a  ADCMCTL0_L                                 
0000070b  ADCMCTL0_H                                 
00000712  ADCMEM0                                    
00000712  ADCMEM0_L                                  
00000713  ADCMEM0_H                                  
0000071a  ADCIE                                      
0000071a  ADCIE_L                                    
0000071b  ADCIE_H                                    
0000071c  ADCIFG                                     
0000071c  ADCIFG_L                                   
0000071d  ADCIFG_H                                   
0000071e  ADCIV                                      
0000071e  ADCIV_L                                    
0000071f  ADCIV_H                                    
00002000  radioResponseBuffer                        
00002540  radioCommandBuffer                         
00002580  uartCommandBuffer                          
000025fc  sysState                                   
00002626  wxOutTime                                  
0000262e  epochTime                                  
00002632  wxOut                                      
00002638  rssi_dBm                                   
0000263a  dataChannel                                
0000263b  packetReceived                             
0000263c  packetSent                                 
0000263d  radioMode                                  
0000263e  state                                      
0000263f  timeOut                                    
00002647  validRadioCommand                          
00002649  hubID                                      
0000264a  nodeID                                     
00002f60  _stack                                     
00003000  __STACK_END                                
0000c400  __TI_Handler_Table_Base                    
0000c40c  __TI_Handler_Table_Limit                   
0000c41c  __TI_CINIT_Base                            
0000c42c  __TI_CINIT_Limit                           
0000c42c  myRfConfigCC1101                           
0000c4c4  USCI_A0_ISR                                
0000c79e  buildPacket                                
0000c990  main                                       
0000cb62  rxRecvPacket                               
0000ccb0  CS_initClockSignal                         
0000cde2  EUSCI_A_UART_init                          
0000cfe4  CS_initFLL                                 
0000d0d8  USCIB0_ISR                                 
0000d282  halSpiRead                                 
0000d3f0  GPIO_setAsPeripheralModuleFunctionInputPin 
0000d4a2  GPIO_setAsPeripheralModuleFunctionOutputPin
0000d6a4  measureI2C                                 
0000d744  halSpiWrite                                
0000d7e2  myDelay                                    
0000d87c  txSendPacket                               
0000d916  EUSCI_B_I2C_initMaster                     
0000d9a6  halSpiInit                                 
0000da34  EUSCI_A_SPI_initMaster                     
0000daba  responseBufferSend                         
0000db38  getUARTCommand                             
0000dbb2  initUART                                   
0000dc2c  Timer_A_initContinuousMode                 
0000dca4  __TI_decompress_lzss                       
0000dd1a  GPIO_setAsInputPin                         
0000dd84  Port_1                                     
0000ddee  initGPIO                                   
0000de54  responseBufferAdd                          
0000deb6  Timer_A_initCompareMode                    
0000df14  EUSCI_B_I2C_masterSendMultiByteStart       
0000df70  GPIO_selectInterruptEdge                   
0000dfcc  GPIO_setAsOutputPin                        
0000e028  __mspabi_divul                             
0000e028  __mspabi_remul                             
0000e080  __TI_auto_init_nobinit_nopinit_hold_wdt    
0000e0d4  CS_initFLLSettle                           
0000e126  halSpiStrobe                               
0000e178  halRfResetChip                             
0000e1c8  getRSSI                                    
0000e216  GPIO_getInputPinValue                      
0000e262  initClocks                                 
0000e2f0  EUSCI_A_UART_enableInterrupt               
0000e334  GPIO_clearInterrupt                        
0000e376  GPIO_enableInterrupt                       
0000e3b8  GPIO_setOutputHighOnPin                    
0000e3f8  GPIO_setOutputLowOnPin                     
0000e438  __mspabi_divli                             
0000e438  __mspabi_remli                             
0000e478  __mspabi_slll_15                           
0000e47c  __mspabi_slll_14                           
0000e480  __mspabi_slll_13                           
0000e484  __mspabi_slll_12                           
0000e488  __mspabi_slll_11                           
0000e48c  __mspabi_slll_10                           
0000e490  __mspabi_slll_9                            
0000e494  __mspabi_slll_8                            
0000e498  __mspabi_slll_7                            
0000e49c  __mspabi_slll_6                            
0000e4a0  __mspabi_slll_5                            
0000e4a4  __mspabi_slll_4                            
0000e4a8  __mspabi_slll_3                            
0000e4ac  __mspabi_slll_2                            
0000e4b0  __mspabi_slll_1                            
0000e4b6  CS_turnOnXT1LF                             
0000e4ee  EUSCI_A_UART_transmitData                  
0000e524  EUSCI_B_I2C_masterSendMultiByteNext        
0000e55a  RTC_ISR                                    
0000e58c  initRTC                                    
0000e5bc  CS_getSMCLK                                
0000e5ea  RTC_init                                   
0000e618  __mspabi_divi                              
0000e618  __mspabi_remi                              
0000e644  EUSCI_A_UART_receiveData                   
0000e66e  EUSCI_B_I2C_masterReceiveSingle            
0000e698  initRadio                                  
0000e6c2  startTimeOut                               
0000e6ec  RTC_start                                  
0000e714  WDT_A_initIntervalTimer                    
0000e73c  halRfBurstConfig                           
0000e762  EUSCI_B_I2C_masterSendMultiByteStop        
0000e786  WDT_A_hold                                 
0000e7aa  WDT_A_start                                
0000e7ce  __TI_zero_init                             
0000e7f2  __mspabi_mpyl_f5hw                         
0000e816  EUSCI_A_SPI_clearInterrupt                 
0000e838  EUSCI_A_UART_clearInterrupt                
0000e85a  EUSCI_B_I2C_setMode                        
0000e87c  TIMER1_A1_ISR                              
0000e89e  halRfWriteReg                              
0000e8c0  CS_setExternalClockSource                  
0000e8e0  EUSCI_A_SPI_transmitData                   
0000e900  EUSCI_B_I2C_clearInterrupt                 
0000e920  EUSCI_B_I2C_disableInterrupt               
0000e940  EUSCI_B_I2C_enableInterrupt                
0000e960  EUSCI_B_I2C_setSlaveAddress                
0000e980  Timer_A_startCounter                       
0000e9a0  halRfReadStatusReg                         
0000e9c0  EUSCI_A_SPI_getInterruptStatus             
0000e9de  halRfWriteFifo                             
0000e9fc  RTC_enableInterrupt                        
0000ea18  _c_int00_noargs                            
0000ea34  halRfReadFifo                              
0000ea50  Timer_A_clearCaptureCompareInterrupt       
0000ea6a  WDT_A_ISR                                  
0000ea84  EUSCI_B_I2C_masterReceiveStart             
0000ea9a  RTC_clearInterrupt                         
0000eac6  __mspabi_divu                              
0000eac6  __mspabi_remu                              
0000eadc  EUSCI_A_SPI_isBusy                         
0000eaf0  EUSCI_A_SPI_receiveData                    
0000eb04  EUSCI_B_I2C_isBusBusy                      
0000eb18  clearCommandList                           
0000eb2c  memcpy                                     
0000eb40  sendPacket                                 
0000eb54  __TI_decompress_none                       
0000eb66  EUSCI_B_I2C_masterIsStopSent               
0000eb76  PMM_trigPOR                                
0000eb86  Timer_A_stop                               
0000eb96  EUSCI_A_SPI_enable                         
0000eba4  EUSCI_A_UART_enable                        
0000ebb2  EUSCI_B_I2C_disable                        
0000ebc0  EUSCI_B_I2C_enable                         
0000ebce  EUSCI_B_I2C_masterSendStart                
0000ebdc  SFR_clearInterrupt                         
0000ebea  SFR_enableInterrupt                        
0000ebf8  halRfStrobe                                
0000ec06  __mspabi_slli                              
0000ec10  stopTimeOut                                
0000ec1a  PMM_unlockLPM5                             
0000ec22  __TI_ISR_TRAP                              
0000ec2a  C$$EXIT                                    
0000ec2a  abort                                      
0000ec30  _system_pre_init                           
0000ec34  _system_post_cinit                         
0000ffda  __TI_int41                                 
0000ffdc  __TI_int42                                 
0000ffde  __TI_int43                                 
0000ffe0  __TI_int44                                 
0000ffe2  __TI_int45                                 
0000ffe4  __TI_int46                                 
0000ffe6  __TI_int47                                 
0000ffe8  __TI_int48                                 
0000ffea  __TI_int49                                 
0000ffec  __TI_int50                                 
0000ffee  __TI_int51                                 
0000fff0  __TI_int52                                 
0000fff2  __TI_int53                                 
0000fff4  __TI_int54                                 
0000fff6  __TI_int55                                 
0000fff8  __TI_int56                                 
0000fffa  __TI_int57                                 
0000fffc  __TI_int58                                 
0000fffe  _reset_vector                              
ffffffff  __TI_pprof_out_hndl                        
ffffffff  __TI_prof_data_size                        
ffffffff  __TI_prof_data_start                       
ffffffff  __c_args__                                 

[652 symbols]
