<?xml version="1.0" encoding="ISO-8859-1" ?>
<link_info>
   <banner>MSP430 Linker PC v18.1.3.LTS</banner>
   <copyright>Copyright (c) 2003-2017 Texas Instruments Incorporated</copyright>
   <link_time>0x5c0c60d5</link_time>
   <link_errors>0x0</link_errors>
   <output_file>GEW-FFHUB.out</output_file>
   <entry_point>
      <name>_c_int00_noargs</name>
      <address>0xea18</address>
   </entry_point>
   <input_file_list>
      <input_file id="fl-2">
         <path>.\</path>
         <kind>object</kind>
         <file>hal_rf.obj</file>
         <name>hal_rf.obj</name>
      </input_file>
      <input_file id="fl-3">
         <path>.\</path>
         <kind>object</kind>
         <file>hal_spi.obj</file>
         <name>hal_spi.obj</name>
      </input_file>
      <input_file id="fl-4">
         <path>.\</path>
         <kind>object</kind>
         <file>i2c.obj</file>
         <name>i2c.obj</name>
      </input_file>
      <input_file id="fl-5">
         <path>.\</path>
         <kind>object</kind>
         <file>init.obj</file>
         <name>init.obj</name>
      </input_file>
      <input_file id="fl-6">
         <path>.\</path>
         <kind>object</kind>
         <file>main3.obj</file>
         <name>main3.obj</name>
      </input_file>
      <input_file id="fl-7">
         <path>.\</path>
         <kind>object</kind>
         <file>myRTC.obj</file>
         <name>myRTC.obj</name>
      </input_file>
      <input_file id="fl-8">
         <path>.\</path>
         <kind>object</kind>
         <file>myRadio.obj</file>
         <name>myRadio.obj</name>
      </input_file>
      <input_file id="fl-9">
         <path>.\</path>
         <kind>object</kind>
         <file>packet.obj</file>
         <name>packet.obj</name>
      </input_file>
      <input_file id="fl-a">
         <path>.\</path>
         <kind>object</kind>
         <file>timeOut.obj</file>
         <name>timeOut.obj</name>
      </input_file>
      <input_file id="fl-b">
         <path>.\</path>
         <kind>object</kind>
         <file>uart.obj</file>
         <name>uart.obj</name>
      </input_file>
      <input_file id="fl-c">
         <path>.\driverlib\MSP430FR2xx_4xx\</path>
         <kind>object</kind>
         <file>adc.obj</file>
         <name>adc.obj</name>
      </input_file>
      <input_file id="fl-d">
         <path>.\driverlib\MSP430FR2xx_4xx\</path>
         <kind>object</kind>
         <file>crc.obj</file>
         <name>crc.obj</name>
      </input_file>
      <input_file id="fl-e">
         <path>.\driverlib\MSP430FR2xx_4xx\</path>
         <kind>object</kind>
         <file>cs.obj</file>
         <name>cs.obj</name>
      </input_file>
      <input_file id="fl-f">
         <path>.\driverlib\MSP430FR2xx_4xx\</path>
         <kind>object</kind>
         <file>ecomp.obj</file>
         <name>ecomp.obj</name>
      </input_file>
      <input_file id="fl-10">
         <path>.\driverlib\MSP430FR2xx_4xx\</path>
         <kind>object</kind>
         <file>eusci_a_spi.obj</file>
         <name>eusci_a_spi.obj</name>
      </input_file>
      <input_file id="fl-11">
         <path>.\driverlib\MSP430FR2xx_4xx\</path>
         <kind>object</kind>
         <file>eusci_a_uart.obj</file>
         <name>eusci_a_uart.obj</name>
      </input_file>
      <input_file id="fl-12">
         <path>.\driverlib\MSP430FR2xx_4xx\</path>
         <kind>object</kind>
         <file>eusci_b_i2c.obj</file>
         <name>eusci_b_i2c.obj</name>
      </input_file>
      <input_file id="fl-13">
         <path>.\driverlib\MSP430FR2xx_4xx\</path>
         <kind>object</kind>
         <file>eusci_b_spi.obj</file>
         <name>eusci_b_spi.obj</name>
      </input_file>
      <input_file id="fl-14">
         <path>.\driverlib\MSP430FR2xx_4xx\</path>
         <kind>object</kind>
         <file>framctl.obj</file>
         <name>framctl.obj</name>
      </input_file>
      <input_file id="fl-15">
         <path>.\driverlib\MSP430FR2xx_4xx\</path>
         <kind>object</kind>
         <file>gpio.obj</file>
         <name>gpio.obj</name>
      </input_file>
      <input_file id="fl-16">
         <path>.\driverlib\MSP430FR2xx_4xx\</path>
         <kind>object</kind>
         <file>lcd_e.obj</file>
         <name>lcd_e.obj</name>
      </input_file>
      <input_file id="fl-17">
         <path>.\driverlib\MSP430FR2xx_4xx\</path>
         <kind>object</kind>
         <file>mpy32.obj</file>
         <name>mpy32.obj</name>
      </input_file>
      <input_file id="fl-18">
         <path>.\driverlib\MSP430FR2xx_4xx\</path>
         <kind>object</kind>
         <file>pmm.obj</file>
         <name>pmm.obj</name>
      </input_file>
      <input_file id="fl-19">
         <path>.\driverlib\MSP430FR2xx_4xx\</path>
         <kind>object</kind>
         <file>rtc.obj</file>
         <name>rtc.obj</name>
      </input_file>
      <input_file id="fl-1a">
         <path>.\driverlib\MSP430FR2xx_4xx\</path>
         <kind>object</kind>
         <file>sac.obj</file>
         <name>sac.obj</name>
      </input_file>
      <input_file id="fl-1b">
         <path>.\driverlib\MSP430FR2xx_4xx\</path>
         <kind>object</kind>
         <file>sfr.obj</file>
         <name>sfr.obj</name>
      </input_file>
      <input_file id="fl-1c">
         <path>.\driverlib\MSP430FR2xx_4xx\</path>
         <kind>object</kind>
         <file>sysctl.obj</file>
         <name>sysctl.obj</name>
      </input_file>
      <input_file id="fl-1d">
         <path>.\driverlib\MSP430FR2xx_4xx\</path>
         <kind>object</kind>
         <file>tia.obj</file>
         <name>tia.obj</name>
      </input_file>
      <input_file id="fl-1e">
         <path>.\driverlib\MSP430FR2xx_4xx\</path>
         <kind>object</kind>
         <file>timer_a.obj</file>
         <name>timer_a.obj</name>
      </input_file>
      <input_file id="fl-1f">
         <path>.\driverlib\MSP430FR2xx_4xx\</path>
         <kind>object</kind>
         <file>timer_b.obj</file>
         <name>timer_b.obj</name>
      </input_file>
      <input_file id="fl-20">
         <path>.\driverlib\MSP430FR2xx_4xx\</path>
         <kind>object</kind>
         <file>tlv.obj</file>
         <name>tlv.obj</name>
      </input_file>
      <input_file id="fl-21">
         <path>.\driverlib\MSP430FR2xx_4xx\</path>
         <kind>object</kind>
         <file>wdt_a.obj</file>
         <name>wdt_a.obj</name>
      </input_file>
      <input_file id="fl-27">
         <kind>object</kind>
         <file>&lt;internal&gt;</file>
         <name>&lt;internal&gt;</name>
      </input_file>
      <input_file id="fl-42">
         <path>C:\ti\ccsv8\tools\compiler\ti-cgt-msp430_18.1.3.LTS\lib\</path>
         <kind>archive</kind>
         <file>rts430x_lc_rd_eabi.lib</file>
         <name>div16s.asm.obj</name>
      </input_file>
      <input_file id="fl-43">
         <path>C:\ti\ccsv8\tools\compiler\ti-cgt-msp430_18.1.3.LTS\lib\</path>
         <kind>archive</kind>
         <file>rts430x_lc_rd_eabi.lib</file>
         <name>div16u.asm.obj</name>
      </input_file>
      <input_file id="fl-44">
         <path>C:\ti\ccsv8\tools\compiler\ti-cgt-msp430_18.1.3.LTS\lib\</path>
         <kind>archive</kind>
         <file>rts430x_lc_rd_eabi.lib</file>
         <name>div32s.asm.obj</name>
      </input_file>
      <input_file id="fl-45">
         <path>C:\ti\ccsv8\tools\compiler\ti-cgt-msp430_18.1.3.LTS\lib\</path>
         <kind>archive</kind>
         <file>rts430x_lc_rd_eabi.lib</file>
         <name>div32u.asm.obj</name>
      </input_file>
      <input_file id="fl-46">
         <path>C:\ti\ccsv8\tools\compiler\ti-cgt-msp430_18.1.3.LTS\lib\</path>
         <kind>archive</kind>
         <file>rts430x_lc_rd_eabi.lib</file>
         <name>int41.asm.obj</name>
      </input_file>
      <input_file id="fl-47">
         <path>C:\ti\ccsv8\tools\compiler\ti-cgt-msp430_18.1.3.LTS\lib\</path>
         <kind>archive</kind>
         <file>rts430x_lc_rd_eabi.lib</file>
         <name>int43.asm.obj</name>
      </input_file>
      <input_file id="fl-48">
         <path>C:\ti\ccsv8\tools\compiler\ti-cgt-msp430_18.1.3.LTS\lib\</path>
         <kind>archive</kind>
         <file>rts430x_lc_rd_eabi.lib</file>
         <name>int45.asm.obj</name>
      </input_file>
      <input_file id="fl-49">
         <path>C:\ti\ccsv8\tools\compiler\ti-cgt-msp430_18.1.3.LTS\lib\</path>
         <kind>archive</kind>
         <file>rts430x_lc_rd_eabi.lib</file>
         <name>int49.asm.obj</name>
      </input_file>
      <input_file id="fl-4a">
         <path>C:\ti\ccsv8\tools\compiler\ti-cgt-msp430_18.1.3.LTS\lib\</path>
         <kind>archive</kind>
         <file>rts430x_lc_rd_eabi.lib</file>
         <name>int50.asm.obj</name>
      </input_file>
      <input_file id="fl-4b">
         <path>C:\ti\ccsv8\tools\compiler\ti-cgt-msp430_18.1.3.LTS\lib\</path>
         <kind>archive</kind>
         <file>rts430x_lc_rd_eabi.lib</file>
         <name>int51.asm.obj</name>
      </input_file>
      <input_file id="fl-4c">
         <path>C:\ti\ccsv8\tools\compiler\ti-cgt-msp430_18.1.3.LTS\lib\</path>
         <kind>archive</kind>
         <file>rts430x_lc_rd_eabi.lib</file>
         <name>int52.asm.obj</name>
      </input_file>
      <input_file id="fl-4d">
         <path>C:\ti\ccsv8\tools\compiler\ti-cgt-msp430_18.1.3.LTS\lib\</path>
         <kind>archive</kind>
         <file>rts430x_lc_rd_eabi.lib</file>
         <name>int54.asm.obj</name>
      </input_file>
      <input_file id="fl-4e">
         <path>C:\ti\ccsv8\tools\compiler\ti-cgt-msp430_18.1.3.LTS\lib\</path>
         <kind>archive</kind>
         <file>rts430x_lc_rd_eabi.lib</file>
         <name>int55.asm.obj</name>
      </input_file>
      <input_file id="fl-4f">
         <path>C:\ti\ccsv8\tools\compiler\ti-cgt-msp430_18.1.3.LTS\lib\</path>
         <kind>archive</kind>
         <file>rts430x_lc_rd_eabi.lib</file>
         <name>int56.asm.obj</name>
      </input_file>
      <input_file id="fl-50">
         <path>C:\ti\ccsv8\tools\compiler\ti-cgt-msp430_18.1.3.LTS\lib\</path>
         <kind>archive</kind>
         <file>rts430x_lc_rd_eabi.lib</file>
         <name>int57.asm.obj</name>
      </input_file>
      <input_file id="fl-51">
         <path>C:\ti\ccsv8\tools\compiler\ti-cgt-msp430_18.1.3.LTS\lib\</path>
         <kind>archive</kind>
         <file>rts430x_lc_rd_eabi.lib</file>
         <name>int58.asm.obj</name>
      </input_file>
      <input_file id="fl-52">
         <path>C:\ti\ccsv8\tools\compiler\ti-cgt-msp430_18.1.3.LTS\lib\</path>
         <kind>archive</kind>
         <file>rts430x_lc_rd_eabi.lib</file>
         <name>isr_trap.asm.obj</name>
      </input_file>
      <input_file id="fl-53">
         <path>C:\ti\ccsv8\tools\compiler\ti-cgt-msp430_18.1.3.LTS\lib\</path>
         <kind>archive</kind>
         <file>rts430x_lc_rd_eabi.lib</file>
         <name>lsl16.asm.obj</name>
      </input_file>
      <input_file id="fl-54">
         <path>C:\ti\ccsv8\tools\compiler\ti-cgt-msp430_18.1.3.LTS\lib\</path>
         <kind>archive</kind>
         <file>rts430x_lc_rd_eabi.lib</file>
         <name>lsl32.asm.obj</name>
      </input_file>
      <input_file id="fl-55">
         <path>C:\ti\ccsv8\tools\compiler\ti-cgt-msp430_18.1.3.LTS\lib\</path>
         <kind>archive</kind>
         <file>rts430x_lc_rd_eabi.lib</file>
         <name>mult16_f5hw.asm.obj</name>
      </input_file>
      <input_file id="fl-56">
         <path>C:\ti\ccsv8\tools\compiler\ti-cgt-msp430_18.1.3.LTS\lib\</path>
         <kind>archive</kind>
         <file>rts430x_lc_rd_eabi.lib</file>
         <name>mult1632_f5hw.asm.obj</name>
      </input_file>
      <input_file id="fl-57">
         <path>C:\ti\ccsv8\tools\compiler\ti-cgt-msp430_18.1.3.LTS\lib\</path>
         <kind>archive</kind>
         <file>rts430x_lc_rd_eabi.lib</file>
         <name>mult32.asm.obj</name>
      </input_file>
      <input_file id="fl-58">
         <path>C:\ti\ccsv8\tools\compiler\ti-cgt-msp430_18.1.3.LTS\lib\</path>
         <kind>archive</kind>
         <file>rts430x_lc_rd_eabi.lib</file>
         <name>mult32_f5hw.asm.obj</name>
      </input_file>
      <input_file id="fl-59">
         <path>C:\ti\ccsv8\tools\compiler\ti-cgt-msp430_18.1.3.LTS\lib\</path>
         <kind>archive</kind>
         <file>rts430x_lc_rd_eabi.lib</file>
         <name>mult3264_f5hw.asm.obj</name>
      </input_file>
      <input_file id="fl-5a">
         <path>C:\ti\ccsv8\tools\compiler\ti-cgt-msp430_18.1.3.LTS\lib\</path>
         <kind>archive</kind>
         <file>rts430x_lc_rd_eabi.lib</file>
         <name>mult64_f5hw.asm.obj</name>
      </input_file>
      <input_file id="fl-5b">
         <path>C:\ti\ccsv8\tools\compiler\ti-cgt-msp430_18.1.3.LTS\lib\</path>
         <kind>archive</kind>
         <file>rts430x_lc_rd_eabi.lib</file>
         <name>boot.c.obj</name>
      </input_file>
      <input_file id="fl-5c">
         <path>C:\ti\ccsv8\tools\compiler\ti-cgt-msp430_18.1.3.LTS\lib\</path>
         <kind>archive</kind>
         <file>rts430x_lc_rd_eabi.lib</file>
         <name>autoinit.c.obj</name>
      </input_file>
      <input_file id="fl-5d">
         <path>C:\ti\ccsv8\tools\compiler\ti-cgt-msp430_18.1.3.LTS\lib\</path>
         <kind>archive</kind>
         <file>rts430x_lc_rd_eabi.lib</file>
         <name>copy_zero_init.c.obj</name>
      </input_file>
      <input_file id="fl-5e">
         <path>C:\ti\ccsv8\tools\compiler\ti-cgt-msp430_18.1.3.LTS\lib\</path>
         <kind>archive</kind>
         <file>rts430x_lc_rd_eabi.lib</file>
         <name>cpy_tbl.c.obj</name>
      </input_file>
      <input_file id="fl-5f">
         <path>C:\ti\ccsv8\tools\compiler\ti-cgt-msp430_18.1.3.LTS\lib\</path>
         <kind>archive</kind>
         <file>rts430x_lc_rd_eabi.lib</file>
         <name>mpu_init.c.obj</name>
      </input_file>
      <input_file id="fl-60">
         <path>C:\ti\ccsv8\tools\compiler\ti-cgt-msp430_18.1.3.LTS\lib\</path>
         <kind>archive</kind>
         <file>rts430x_lc_rd_eabi.lib</file>
         <name>pre_init.c.obj</name>
      </input_file>
      <input_file id="fl-61">
         <path>C:\ti\ccsv8\tools\compiler\ti-cgt-msp430_18.1.3.LTS\lib\</path>
         <kind>archive</kind>
         <file>rts430x_lc_rd_eabi.lib</file>
         <name>startup.c.obj</name>
      </input_file>
      <input_file id="fl-62">
         <path>C:\ti\ccsv8\tools\compiler\ti-cgt-msp430_18.1.3.LTS\lib\</path>
         <kind>archive</kind>
         <file>rts430x_lc_rd_eabi.lib</file>
         <name>copy_decompress_none.c.obj</name>
      </input_file>
      <input_file id="fl-63">
         <path>C:\ti\ccsv8\tools\compiler\ti-cgt-msp430_18.1.3.LTS\lib\</path>
         <kind>archive</kind>
         <file>rts430x_lc_rd_eabi.lib</file>
         <name>copy_decompress_lzss.c.obj</name>
      </input_file>
      <input_file id="fl-64">
         <path>C:\ti\ccsv8\tools\compiler\ti-cgt-msp430_18.1.3.LTS\lib\</path>
         <kind>archive</kind>
         <file>rts430x_lc_rd_eabi.lib</file>
         <name>exit.c.obj</name>
      </input_file>
      <input_file id="fl-65">
         <path>C:\ti\ccsv8\tools\compiler\ti-cgt-msp430_18.1.3.LTS\lib\</path>
         <kind>archive</kind>
         <file>rts430x_lc_rd_eabi.lib</file>
         <name>_lock.c.obj</name>
      </input_file>
      <input_file id="fl-66">
         <path>C:\ti\ccsv8\tools\compiler\ti-cgt-msp430_18.1.3.LTS\lib\</path>
         <kind>archive</kind>
         <file>rts430x_lc_rd_eabi.lib</file>
         <name>args_main.c.obj</name>
      </input_file>
      <input_file id="fl-67">
         <path>C:\ti\ccsv8\tools\compiler\ti-cgt-msp430_18.1.3.LTS\lib\</path>
         <kind>archive</kind>
         <file>rts430x_lc_rd_eabi.lib</file>
         <name>memcpy.c.obj</name>
      </input_file>
      <input_file id="fl-68">
         <path>C:\ti\ccsv8\tools\compiler\ti-cgt-msp430_18.1.3.LTS\lib\</path>
         <kind>archive</kind>
         <file>rts430x_lc_rd_eabi.lib</file>
         <name>mult16.asm.obj</name>
      </input_file>
      <input_file id="fl-69">
         <path>C:\ti\ccsv8\tools\compiler\ti-cgt-msp430_18.1.3.LTS\lib\</path>
         <kind>archive</kind>
         <file>rts430x_lc_rd_eabi.lib</file>
         <name>exit_gvars.c.obj</name>
      </input_file>
   </input_file_list>
   <object_component_list>
      <object_component id="oc-7e7">
         <name>__TI_handler_table</name>
         <load_address>0xc400</load_address>
         <run_address>0xc400</run_address>
         <size>0xc</size>
      </object_component>
      <object_component id="oc-7ea">
         <name>.cinit..data.load</name>
         <load_address>0xc40c</load_address>
         <run_address>0xc40c</run_address>
         <size>0xa</size>
      </object_component>
      <object_component id="oc-7e9">
         <name>.cinit..bss.load</name>
         <load_address>0xc416</load_address>
         <run_address>0xc416</run_address>
         <size>0x6</size>
      </object_component>
      <object_component id="oc-7e8">
         <name>__TI_cinit_table</name>
         <load_address>0xc41c</load_address>
         <run_address>0xc41c</run_address>
         <size>0x10</size>
      </object_component>
      <object_component id="oc-77f">
         <name>.binit</name>
         <load_address>0xc42c</load_address>
         <run_address>0xc42c</run_address>
         <size>0x0</size>
      </object_component>
      <object_component id="oc-681">
         <name>.const:.string:myRfConfigCC1101</name>
         <load_address>0xc42c</load_address>
         <run_address>0xc42c</run_address>
         <size>0x2f</size>
         <input_file_ref idref="fl-2"/>
      </object_component>
      <object_component id="oc-3b9">
         <name>.const:GPIO_PORT_TO_BASE</name>
         <load_address>0xc45c</load_address>
         <run_address>0xc45c</run_address>
         <size>0x1c</size>
         <input_file_ref idref="fl-15"/>
      </object_component>
      <object_component id="oc-659">
         <name>.const:$P$T0$1</name>
         <load_address>0xc478</load_address>
         <run_address>0xc478</run_address>
         <size>0x12</size>
         <input_file_ref idref="fl-3"/>
      </object_component>
      <object_component id="oc-53f">
         <name>.const:$P$T0$1</name>
         <load_address>0xc48a</load_address>
         <run_address>0xc48a</run_address>
         <size>0x10</size>
         <input_file_ref idref="fl-b"/>
      </object_component>
      <object_component id="oc-4b6">
         <name>.const:$P$T0$2</name>
         <load_address>0xc49a</load_address>
         <run_address>0xc49a</run_address>
         <size>0xc</size>
         <input_file_ref idref="fl-4"/>
      </object_component>
      <object_component id="oc-4f6">
         <name>.const:$P$T1$3</name>
         <load_address>0xc4a6</load_address>
         <run_address>0xc4a6</run_address>
         <size>0xc</size>
         <input_file_ref idref="fl-4"/>
      </object_component>
      <object_component id="oc-71f">
         <name>.const:$P$T0$1</name>
         <load_address>0xc4b2</load_address>
         <run_address>0xc4b2</run_address>
         <size>0xa</size>
         <input_file_ref idref="fl-7"/>
      </object_component>
      <object_component id="oc-72e">
         <name>.const:$P$T1$2</name>
         <load_address>0xc4bc</load_address>
         <run_address>0xc4bc</run_address>
         <size>0x8</size>
         <input_file_ref idref="fl-7"/>
      </object_component>
      <object_component id="oc-28c">
         <name>.text:_isr:USCI_A0_ISR</name>
         <load_address>0xc4c4</load_address>
         <run_address>0xc4c4</run_address>
         <size>0x2da</size>
         <input_file_ref idref="fl-b"/>
      </object_component>
      <object_component id="oc-458">
         <name>.text:buildPacket</name>
         <load_address>0xc79e</load_address>
         <run_address>0xc79e</run_address>
         <size>0x1f2</size>
         <input_file_ref idref="fl-9"/>
      </object_component>
      <object_component id="oc-37e">
         <name>.text:main</name>
         <load_address>0xc990</load_address>
         <run_address>0xc990</run_address>
         <size>0x1d2</size>
         <input_file_ref idref="fl-6"/>
      </object_component>
      <object_component id="oc-439">
         <name>.text:rxRecvPacket</name>
         <load_address>0xcb62</load_address>
         <run_address>0xcb62</run_address>
         <size>0x14e</size>
         <input_file_ref idref="fl-8"/>
      </object_component>
      <object_component id="oc-532">
         <name>.text:CS_initClockSignal</name>
         <load_address>0xccb0</load_address>
         <run_address>0xccb0</run_address>
         <size>0x132</size>
         <input_file_ref idref="fl-e"/>
      </object_component>
      <object_component id="oc-542">
         <name>.text:EUSCI_A_UART_init</name>
         <load_address>0xcde2</load_address>
         <run_address>0xcde2</run_address>
         <size>0x10c</size>
         <input_file_ref idref="fl-11"/>
      </object_component>
      <object_component id="oc-61b">
         <name>.text:privateCSComputeCLKFrequency</name>
         <load_address>0xceee</load_address>
         <run_address>0xceee</run_address>
         <size>0xf6</size>
         <input_file_ref idref="fl-e"/>
      </object_component>
      <object_component id="oc-640">
         <name>.text:CS_initFLL</name>
         <load_address>0xcfe4</load_address>
         <run_address>0xcfe4</run_address>
         <size>0xf4</size>
         <input_file_ref idref="fl-e"/>
      </object_component>
      <object_component id="oc-286">
         <name>.text:_isr:USCIB0_ISR</name>
         <load_address>0xd0d8</load_address>
         <run_address>0xd0d8</run_address>
         <size>0xea</size>
         <input_file_ref idref="fl-4"/>
      </object_component>
      <object_component id="oc-701">
         <name>.text:privateCSSourceClockFromDCO</name>
         <load_address>0xd1c2</load_address>
         <run_address>0xd1c2</run_address>
         <size>0xc0</size>
         <input_file_ref idref="fl-e"/>
      </object_component>
      <object_component id="oc-6a1">
         <name>.text:halSpiRead</name>
         <load_address>0xd282</load_address>
         <run_address>0xd282</run_address>
         <size>0xba</size>
         <input_file_ref idref="fl-3"/>
      </object_component>
      <object_component id="oc-3ea">
         <name>.text:I2CSendCommand</name>
         <load_address>0xd33c</load_address>
         <run_address>0xd33c</run_address>
         <size>0xb4</size>
         <input_file_ref idref="fl-4"/>
      </object_component>
      <object_component id="oc-507">
         <name>.text:GPIO_setAsPeripheralModuleFunctionInputPin</name>
         <load_address>0xd3f0</load_address>
         <run_address>0xd3f0</run_address>
         <size>0xb2</size>
         <input_file_ref idref="fl-15"/>
      </object_component>
      <object_component id="oc-653">
         <name>.text:GPIO_setAsPeripheralModuleFunctionOutputPin</name>
         <load_address>0xd4a2</load_address>
         <run_address>0xd4a2</run_address>
         <size>0xb2</size>
         <input_file_ref idref="fl-15"/>
      </object_component>
      <object_component id="oc-6f6">
         <name>.text:privateDCORange</name>
         <load_address>0xd554</load_address>
         <run_address>0xd554</run_address>
         <size>0xac</size>
         <input_file_ref idref="fl-e"/>
      </object_component>
      <object_component id="oc-3f0">
         <name>.text:I2CReceiveCommand</name>
         <load_address>0xd600</load_address>
         <run_address>0xd600</run_address>
         <size>0xa4</size>
         <input_file_ref idref="fl-4"/>
      </object_component>
      <object_component id="oc-350">
         <name>.text:measureI2C</name>
         <load_address>0xd6a4</load_address>
         <run_address>0xd6a4</run_address>
         <size>0xa0</size>
         <input_file_ref idref="fl-4"/>
      </object_component>
      <object_component id="oc-684">
         <name>.text:halSpiWrite</name>
         <load_address>0xd744</load_address>
         <run_address>0xd744</run_address>
         <size>0x9e</size>
         <input_file_ref idref="fl-3"/>
      </object_component>
      <object_component id="oc-674">
         <name>.text:myDelay</name>
         <load_address>0xd7e2</load_address>
         <run_address>0xd7e2</run_address>
         <size>0x9a</size>
         <input_file_ref idref="fl-7"/>
      </object_component>
      <object_component id="oc-5c8">
         <name>.text:txSendPacket</name>
         <load_address>0xd87c</load_address>
         <run_address>0xd87c</run_address>
         <size>0x9a</size>
         <input_file_ref idref="fl-8"/>
      </object_component>
      <object_component id="oc-4bf">
         <name>.text:EUSCI_B_I2C_initMaster</name>
         <load_address>0xd916</load_address>
         <run_address>0xd916</run_address>
         <size>0x90</size>
         <input_file_ref idref="fl-12"/>
      </object_component>
      <object_component id="oc-574">
         <name>.text:halSpiInit</name>
         <load_address>0xd9a6</load_address>
         <run_address>0xd9a6</run_address>
         <size>0x8e</size>
         <input_file_ref idref="fl-3"/>
      </object_component>
      <object_component id="oc-65c">
         <name>.text:EUSCI_A_SPI_initMaster</name>
         <load_address>0xda34</load_address>
         <run_address>0xda34</run_address>
         <size>0x86</size>
         <input_file_ref idref="fl-10"/>
      </object_component>
      <object_component id="oc-46a">
         <name>.text:responseBufferSend</name>
         <load_address>0xdaba</load_address>
         <run_address>0xdaba</run_address>
         <size>0x7e</size>
         <input_file_ref idref="fl-6"/>
      </object_component>
      <object_component id="oc-452">
         <name>.text:getUARTCommand</name>
         <load_address>0xdb38</load_address>
         <run_address>0xdb38</run_address>
         <size>0x7a</size>
         <input_file_ref idref="fl-b"/>
      </object_component>
      <object_component id="oc-419">
         <name>.text:initUART</name>
         <load_address>0xdbb2</load_address>
         <run_address>0xdbb2</run_address>
         <size>0x7a</size>
         <input_file_ref idref="fl-b"/>
      </object_component>
      <object_component id="oc-722">
         <name>.text:Timer_A_initContinuousMode</name>
         <load_address>0xdc2c</load_address>
         <run_address>0xdc2c</run_address>
         <size>0x78</size>
         <input_file_ref idref="fl-1e"/>
      </object_component>
      <object_component id="oc-68">
         <name>.text:decompress:lzss:__TI_decompress_lzss</name>
         <load_address>0xdca4</load_address>
         <run_address>0xdca4</run_address>
         <size>0x76</size>
         <input_file_ref idref="fl-63"/>
      </object_component>
      <object_component id="oc-513">
         <name>.text:GPIO_setAsInputPin</name>
         <load_address>0xdd1a</load_address>
         <run_address>0xdd1a</run_address>
         <size>0x6a</size>
         <input_file_ref idref="fl-15"/>
      </object_component>
      <object_component id="oc-280">
         <name>.text:_isr:Port_1</name>
         <load_address>0xdd84</load_address>
         <run_address>0xdd84</run_address>
         <size>0x6a</size>
         <input_file_ref idref="fl-8"/>
      </object_component>
      <object_component id="oc-40d">
         <name>.text:initGPIO</name>
         <load_address>0xddee</load_address>
         <run_address>0xddee</run_address>
         <size>0x66</size>
         <input_file_ref idref="fl-5"/>
      </object_component>
      <object_component id="oc-34a">
         <name>.text:responseBufferAdd</name>
         <load_address>0xde54</load_address>
         <run_address>0xde54</run_address>
         <size>0x62</size>
         <input_file_ref idref="fl-6"/>
      </object_component>
      <object_component id="oc-731">
         <name>.text:Timer_A_initCompareMode</name>
         <load_address>0xdeb6</load_address>
         <run_address>0xdeb6</run_address>
         <size>0x5e</size>
         <input_file_ref idref="fl-1e"/>
      </object_component>
      <object_component id="oc-4e9">
         <name>.text:EUSCI_B_I2C_masterSendMultiByteStart</name>
         <load_address>0xdf14</load_address>
         <run_address>0xdf14</run_address>
         <size>0x5c</size>
         <input_file_ref idref="fl-12"/>
      </object_component>
      <object_component id="oc-519">
         <name>.text:GPIO_selectInterruptEdge</name>
         <load_address>0xdf70</load_address>
         <run_address>0xdf70</run_address>
         <size>0x5c</size>
         <input_file_ref idref="fl-15"/>
      </object_component>
      <object_component id="oc-50d">
         <name>.text:GPIO_setAsOutputPin</name>
         <load_address>0xdfcc</load_address>
         <run_address>0xdfcc</run_address>
         <size>0x5c</size>
         <input_file_ref idref="fl-15"/>
      </object_component>
      <object_component id="oc-622">
         <name>.text</name>
         <load_address>0xe028</load_address>
         <run_address>0xe028</run_address>
         <size>0x58</size>
         <input_file_ref idref="fl-45"/>
      </object_component>
      <object_component id="oc-495">
         <name>.text:__TI_auto_init_nobinit_nopinit_hold_wdt:__TI_auto_init_nobinit_nopinit_hold_wdt</name>
         <load_address>0xe080</load_address>
         <run_address>0xe080</run_address>
         <size>0x54</size>
         <input_file_ref idref="fl-5c"/>
      </object_component>
      <object_component id="oc-538">
         <name>.text:CS_initFLLSettle</name>
         <load_address>0xe0d4</load_address>
         <run_address>0xe0d4</run_address>
         <size>0x52</size>
         <input_file_ref idref="fl-e"/>
      </object_component>
      <object_component id="oc-59b">
         <name>.text:halSpiStrobe</name>
         <load_address>0xe126</load_address>
         <run_address>0xe126</run_address>
         <size>0x52</size>
         <input_file_ref idref="fl-3"/>
      </object_component>
      <object_component id="oc-57a">
         <name>.text:halRfResetChip</name>
         <load_address>0xe178</load_address>
         <run_address>0xe178</run_address>
         <size>0x50</size>
         <input_file_ref idref="fl-2"/>
      </object_component>
      <object_component id="oc-464">
         <name>.text:getRSSI</name>
         <load_address>0xe1c8</load_address>
         <run_address>0xe1c8</run_address>
         <size>0x4e</size>
         <input_file_ref idref="fl-8"/>
      </object_component>
      <object_component id="oc-67a">
         <name>.text:GPIO_getInputPinValue</name>
         <load_address>0xe216</load_address>
         <run_address>0xe216</run_address>
         <size>0x4c</size>
         <input_file_ref idref="fl-15"/>
      </object_component>
      <object_component id="oc-413">
         <name>.text:initClocks</name>
         <load_address>0xe262</load_address>
         <run_address>0xe262</run_address>
         <size>0x48</size>
         <input_file_ref idref="fl-5"/>
      </object_component>
      <object_component id="oc-6af">
         <name>.text:cca</name>
         <load_address>0xe2aa</load_address>
         <run_address>0xe2aa</run_address>
         <size>0x46</size>
         <input_file_ref idref="fl-8"/>
      </object_component>
      <object_component id="oc-554">
         <name>.text:EUSCI_A_UART_enableInterrupt</name>
         <load_address>0xe2f0</load_address>
         <run_address>0xe2f0</run_address>
         <size>0x44</size>
         <input_file_ref idref="fl-11"/>
      </object_component>
      <object_component id="oc-2f7">
         <name>.text:GPIO_clearInterrupt</name>
         <load_address>0xe334</load_address>
         <run_address>0xe334</run_address>
         <size>0x42</size>
         <input_file_ref idref="fl-15"/>
      </object_component>
      <object_component id="oc-58c">
         <name>.text:GPIO_enableInterrupt</name>
         <load_address>0xe376</load_address>
         <run_address>0xe376</run_address>
         <size>0x42</size>
         <input_file_ref idref="fl-15"/>
      </object_component>
      <object_component id="oc-432">
         <name>.text:GPIO_setOutputHighOnPin</name>
         <load_address>0xe3b8</load_address>
         <run_address>0xe3b8</run_address>
         <size>0x40</size>
         <input_file_ref idref="fl-15"/>
      </object_component>
      <object_component id="oc-42c">
         <name>.text:GPIO_setOutputLowOnPin</name>
         <load_address>0xe3f8</load_address>
         <run_address>0xe3f8</run_address>
         <size>0x40</size>
         <input_file_ref idref="fl-15"/>
      </object_component>
      <object_component id="oc-6fc">
         <name>.text</name>
         <load_address>0xe438</load_address>
         <run_address>0xe438</run_address>
         <size>0x40</size>
         <input_file_ref idref="fl-44"/>
      </object_component>
      <object_component id="oc-338">
         <name>.text:l_lsl_const</name>
         <load_address>0xe478</load_address>
         <run_address>0xe478</run_address>
         <size>0x3e</size>
         <input_file_ref idref="fl-54"/>
      </object_component>
      <object_component id="oc-52c">
         <name>.text:CS_turnOnXT1LF</name>
         <load_address>0xe4b6</load_address>
         <run_address>0xe4b6</run_address>
         <size>0x38</size>
         <input_file_ref idref="fl-e"/>
      </object_component>
      <object_component id="oc-5db">
         <name>.text:EUSCI_A_UART_transmitData</name>
         <load_address>0xe4ee</load_address>
         <run_address>0xe4ee</run_address>
         <size>0x36</size>
         <input_file_ref idref="fl-11"/>
      </object_component>
      <object_component id="oc-31a">
         <name>.text:EUSCI_B_I2C_masterSendMultiByteNext</name>
         <load_address>0xe524</load_address>
         <run_address>0xe524</run_address>
         <size>0x36</size>
         <input_file_ref idref="fl-12"/>
      </object_component>
      <object_component id="oc-298">
         <name>.text:_isr:RTC_ISR</name>
         <load_address>0xe55a</load_address>
         <run_address>0xe55a</run_address>
         <size>0x32</size>
         <input_file_ref idref="fl-7"/>
      </object_component>
      <object_component id="oc-41f">
         <name>.text:initRTC</name>
         <load_address>0xe58c</load_address>
         <run_address>0xe58c</run_address>
         <size>0x30</size>
         <input_file_ref idref="fl-7"/>
      </object_component>
      <object_component id="oc-4b9">
         <name>.text:CS_getSMCLK</name>
         <load_address>0xe5bc</load_address>
         <run_address>0xe5bc</run_address>
         <size>0x2e</size>
         <input_file_ref idref="fl-e"/>
      </object_component>
      <object_component id="oc-55b">
         <name>.text:RTC_init</name>
         <load_address>0xe5ea</load_address>
         <run_address>0xe5ea</run_address>
         <size>0x2e</size>
         <input_file_ref idref="fl-19"/>
      </object_component>
      <object_component id="oc-5d5">
         <name>.text</name>
         <load_address>0xe618</load_address>
         <run_address>0xe618</run_address>
         <size>0x2c</size>
         <input_file_ref idref="fl-42"/>
      </object_component>
      <object_component id="oc-32c">
         <name>.text:EUSCI_A_UART_receiveData</name>
         <load_address>0xe644</load_address>
         <run_address>0xe644</run_address>
         <size>0x2a</size>
         <input_file_ref idref="fl-11"/>
      </object_component>
      <object_component id="oc-30d">
         <name>.text:EUSCI_B_I2C_masterReceiveSingle</name>
         <load_address>0xe66e</load_address>
         <run_address>0xe66e</run_address>
         <size>0x2a</size>
         <input_file_ref idref="fl-12"/>
      </object_component>
      <object_component id="oc-425">
         <name>.text:initRadio</name>
         <load_address>0xe698</load_address>
         <run_address>0xe698</run_address>
         <size>0x2a</size>
         <input_file_ref idref="fl-8"/>
      </object_component>
      <object_component id="oc-440">
         <name>.text:startTimeOut</name>
         <load_address>0xe6c2</load_address>
         <run_address>0xe6c2</run_address>
         <size>0x2a</size>
         <input_file_ref idref="fl-a"/>
      </object_component>
      <object_component id="oc-56d">
         <name>.text:RTC_start</name>
         <load_address>0xe6ec</load_address>
         <run_address>0xe6ec</run_address>
         <size>0x28</size>
         <input_file_ref idref="fl-19"/>
      </object_component>
      <object_component id="oc-5a8">
         <name>.text:WDT_A_initIntervalTimer</name>
         <load_address>0xe714</load_address>
         <run_address>0xe714</run_address>
         <size>0x28</size>
         <input_file_ref idref="fl-21"/>
      </object_component>
      <object_component id="oc-580">
         <name>.text:halRfBurstConfig</name>
         <load_address>0xe73c</load_address>
         <run_address>0xe73c</run_address>
         <size>0x26</size>
         <input_file_ref idref="fl-2"/>
      </object_component>
      <object_component id="oc-320">
         <name>.text:EUSCI_B_I2C_masterSendMultiByteStop</name>
         <load_address>0xe762</load_address>
         <run_address>0xe762</run_address>
         <size>0x24</size>
         <input_file_ref idref="fl-12"/>
      </object_component>
      <object_component id="oc-367">
         <name>.text:WDT_A_hold</name>
         <load_address>0xe786</load_address>
         <run_address>0xe786</run_address>
         <size>0x24</size>
         <input_file_ref idref="fl-21"/>
      </object_component>
      <object_component id="oc-5ae">
         <name>.text:WDT_A_start</name>
         <load_address>0xe7aa</load_address>
         <run_address>0xe7aa</run_address>
         <size>0x24</size>
         <input_file_ref idref="fl-21"/>
      </object_component>
      <object_component id="oc-2aa">
         <name>.text:decompress:ZI:__TI_zero_init</name>
         <load_address>0xe7ce</load_address>
         <run_address>0xe7ce</run_address>
         <size>0x24</size>
         <input_file_ref idref="fl-5d"/>
      </object_component>
      <object_component id="oc-767">
         <name>.text</name>
         <load_address>0xe7f2</load_address>
         <run_address>0xe7f2</run_address>
         <size>0x24</size>
         <input_file_ref idref="fl-58"/>
      </object_component>
      <object_component id="oc-668">
         <name>.text:EUSCI_A_SPI_clearInterrupt</name>
         <load_address>0xe816</load_address>
         <run_address>0xe816</run_address>
         <size>0x22</size>
         <input_file_ref idref="fl-10"/>
      </object_component>
      <object_component id="oc-54e">
         <name>.text:EUSCI_A_UART_clearInterrupt</name>
         <load_address>0xe838</load_address>
         <run_address>0xe838</run_address>
         <size>0x22</size>
         <input_file_ref idref="fl-11"/>
      </object_component>
      <object_component id="oc-4cb">
         <name>.text:EUSCI_B_I2C_setMode</name>
         <load_address>0xe85a</load_address>
         <run_address>0xe85a</run_address>
         <size>0x22</size>
         <input_file_ref idref="fl-12"/>
      </object_component>
      <object_component id="oc-29e">
         <name>.text:_isr:TIMER1_A1_ISR</name>
         <load_address>0xe87c</load_address>
         <run_address>0xe87c</run_address>
         <size>0x22</size>
         <input_file_ref idref="fl-7"/>
      </object_component>
      <object_component id="oc-586">
         <name>.text:halRfWriteReg</name>
         <load_address>0xe89e</load_address>
         <run_address>0xe89e</run_address>
         <size>0x22</size>
         <input_file_ref idref="fl-2"/>
      </object_component>
      <object_component id="oc-526">
         <name>.text:CS_setExternalClockSource</name>
         <load_address>0xe8c0</load_address>
         <run_address>0xe8c0</run_address>
         <size>0x20</size>
         <input_file_ref idref="fl-e"/>
      </object_component>
      <object_component id="oc-694">
         <name>.text:EUSCI_A_SPI_transmitData</name>
         <load_address>0xe8e0</load_address>
         <run_address>0xe8e0</run_address>
         <size>0x20</size>
         <input_file_ref idref="fl-10"/>
      </object_component>
      <object_component id="oc-4d7">
         <name>.text:EUSCI_B_I2C_clearInterrupt</name>
         <load_address>0xe900</load_address>
         <run_address>0xe900</run_address>
         <size>0x20</size>
         <input_file_ref idref="fl-12"/>
      </object_component>
      <object_component id="oc-4fa">
         <name>.text:EUSCI_B_I2C_disableInterrupt</name>
         <load_address>0xe920</load_address>
         <run_address>0xe920</run_address>
         <size>0x20</size>
         <input_file_ref idref="fl-12"/>
      </object_component>
      <object_component id="oc-4dd">
         <name>.text:EUSCI_B_I2C_enableInterrupt</name>
         <load_address>0xe940</load_address>
         <run_address>0xe940</run_address>
         <size>0x20</size>
         <input_file_ref idref="fl-12"/>
      </object_component>
      <object_component id="oc-4c5">
         <name>.text:EUSCI_B_I2C_setSlaveAddress</name>
         <load_address>0xe960</load_address>
         <run_address>0xe960</run_address>
         <size>0x20</size>
         <input_file_ref idref="fl-12"/>
      </object_component>
      <object_component id="oc-737">
         <name>.text:Timer_A_startCounter</name>
         <load_address>0xe980</load_address>
         <run_address>0xe980</run_address>
         <size>0x20</size>
         <input_file_ref idref="fl-1e"/>
      </object_component>
      <object_component id="oc-5cf">
         <name>.text:halRfReadStatusReg</name>
         <load_address>0xe9a0</load_address>
         <run_address>0xe9a0</run_address>
         <size>0x20</size>
         <input_file_ref idref="fl-2"/>
      </object_component>
      <object_component id="oc-68e">
         <name>.text:EUSCI_A_SPI_getInterruptStatus</name>
         <load_address>0xe9c0</load_address>
         <run_address>0xe9c0</run_address>
         <size>0x1e</size>
         <input_file_ref idref="fl-10"/>
      </object_component>
      <object_component id="oc-6b5">
         <name>.text:halRfWriteFifo</name>
         <load_address>0xe9de</load_address>
         <run_address>0xe9de</run_address>
         <size>0x1e</size>
         <input_file_ref idref="fl-2"/>
      </object_component>
      <object_component id="oc-567">
         <name>.text:RTC_enableInterrupt</name>
         <load_address>0xe9fc</load_address>
         <run_address>0xe9fc</run_address>
         <size>0x1c</size>
         <input_file_ref idref="fl-19"/>
      </object_component>
      <object_component id="oc-2b6">
         <name>.text:_isr:_c_int00_noargs</name>
         <load_address>0xea18</load_address>
         <run_address>0xea18</run_address>
         <size>0x1c</size>
         <input_file_ref idref="fl-5b"/>
      </object_component>
      <object_component id="oc-5a1">
         <name>.text:halRfReadFifo</name>
         <load_address>0xea34</load_address>
         <run_address>0xea34</run_address>
         <size>0x1c</size>
         <input_file_ref idref="fl-2"/>
      </object_component>
      <object_component id="oc-728">
         <name>.text:Timer_A_clearCaptureCompareInterrupt</name>
         <load_address>0xea50</load_address>
         <run_address>0xea50</run_address>
         <size>0x1a</size>
         <input_file_ref idref="fl-1e"/>
      </object_component>
      <object_component id="oc-292">
         <name>.text:_isr:WDT_A_ISR</name>
         <load_address>0xea6a</load_address>
         <run_address>0xea6a</run_address>
         <size>0x1a</size>
         <input_file_ref idref="fl-a"/>
      </object_component>
      <object_component id="oc-301">
         <name>.text:EUSCI_B_I2C_masterReceiveStart</name>
         <load_address>0xea84</load_address>
         <run_address>0xea84</run_address>
         <size>0x16</size>
         <input_file_ref idref="fl-12"/>
      </object_component>
      <object_component id="oc-561">
         <name>.text:RTC_clearInterrupt</name>
         <load_address>0xea9a</load_address>
         <run_address>0xea9a</run_address>
         <size>0x16</size>
         <input_file_ref idref="fl-19"/>
      </object_component>
      <object_component id="oc-3f6">
         <name>.text:disableI2C</name>
         <load_address>0xeab0</load_address>
         <run_address>0xeab0</run_address>
         <size>0x16</size>
         <input_file_ref idref="fl-4"/>
      </object_component>
      <object_component id="oc-6bd">
         <name>.text</name>
         <load_address>0xeac6</load_address>
         <run_address>0xeac6</run_address>
         <size>0x16</size>
         <input_file_ref idref="fl-43"/>
      </object_component>
      <object_component id="oc-69a">
         <name>.text:EUSCI_A_SPI_isBusy</name>
         <load_address>0xeadc</load_address>
         <run_address>0xeadc</run_address>
         <size>0x14</size>
         <input_file_ref idref="fl-10"/>
      </object_component>
      <object_component id="oc-74b">
         <name>.text:EUSCI_A_SPI_receiveData</name>
         <load_address>0xeaf0</load_address>
         <run_address>0xeaf0</run_address>
         <size>0x14</size>
         <input_file_ref idref="fl-10"/>
      </object_component>
      <object_component id="oc-4ef">
         <name>.text:EUSCI_B_I2C_isBusBusy</name>
         <load_address>0xeb04</load_address>
         <run_address>0xeb04</run_address>
         <size>0x14</size>
         <input_file_ref idref="fl-12"/>
      </object_component>
      <object_component id="oc-44c">
         <name>.text:clearCommandList</name>
         <load_address>0xeb18</load_address>
         <run_address>0xeb18</run_address>
         <size>0x14</size>
         <input_file_ref idref="fl-b"/>
      </object_component>
      <object_component id="oc-26e">
         <name>.text:memcpy</name>
         <load_address>0xeb2c</load_address>
         <run_address>0xeb2c</run_address>
         <size>0x14</size>
         <input_file_ref idref="fl-67"/>
      </object_component>
      <object_component id="oc-45e">
         <name>.text:sendPacket</name>
         <load_address>0xeb40</load_address>
         <run_address>0xeb40</run_address>
         <size>0x14</size>
         <input_file_ref idref="fl-9"/>
      </object_component>
      <object_component id="oc-6e">
         <name>.text:decompress:none:__TI_decompress_none</name>
         <load_address>0xeb54</load_address>
         <run_address>0xeb54</run_address>
         <size>0x12</size>
         <input_file_ref idref="fl-62"/>
      </object_component>
      <object_component id="oc-4e3">
         <name>.text:EUSCI_B_I2C_masterIsStopSent</name>
         <load_address>0xeb66</load_address>
         <run_address>0xeb66</run_address>
         <size>0x10</size>
         <input_file_ref idref="fl-12"/>
      </object_component>
      <object_component id="oc-35d">
         <name>.text:PMM_trigPOR</name>
         <load_address>0xeb76</load_address>
         <run_address>0xeb76</run_address>
         <size>0x10</size>
         <input_file_ref idref="fl-18"/>
      </object_component>
      <object_component id="oc-73d">
         <name>.text:Timer_A_stop</name>
         <load_address>0xeb86</load_address>
         <run_address>0xeb86</run_address>
         <size>0x10</size>
         <input_file_ref idref="fl-1e"/>
      </object_component>
      <object_component id="oc-662">
         <name>.text:EUSCI_A_SPI_enable</name>
         <load_address>0xeb96</load_address>
         <run_address>0xeb96</run_address>
         <size>0xe</size>
         <input_file_ref idref="fl-10"/>
      </object_component>
      <object_component id="oc-548">
         <name>.text:EUSCI_A_UART_enable</name>
         <load_address>0xeba4</load_address>
         <run_address>0xeba4</run_address>
         <size>0xe</size>
         <input_file_ref idref="fl-11"/>
      </object_component>
      <object_component id="oc-500">
         <name>.text:EUSCI_B_I2C_disable</name>
         <load_address>0xebb2</load_address>
         <run_address>0xebb2</run_address>
         <size>0xe</size>
         <input_file_ref idref="fl-12"/>
      </object_component>
      <object_component id="oc-4d1">
         <name>.text:EUSCI_B_I2C_enable</name>
         <load_address>0xebc0</load_address>
         <run_address>0xebc0</run_address>
         <size>0xe</size>
         <input_file_ref idref="fl-12"/>
      </object_component>
      <object_component id="oc-307">
         <name>.text:EUSCI_B_I2C_masterSendStart</name>
         <load_address>0xebce</load_address>
         <run_address>0xebce</run_address>
         <size>0xe</size>
         <input_file_ref idref="fl-12"/>
      </object_component>
      <object_component id="oc-5b4">
         <name>.text:SFR_clearInterrupt</name>
         <load_address>0xebdc</load_address>
         <run_address>0xebdc</run_address>
         <size>0xe</size>
         <input_file_ref idref="fl-1b"/>
      </object_component>
      <object_component id="oc-5ba">
         <name>.text:SFR_enableInterrupt</name>
         <load_address>0xebea</load_address>
         <run_address>0xebea</run_address>
         <size>0xe</size>
         <input_file_ref idref="fl-1b"/>
      </object_component>
      <object_component id="oc-595">
         <name>.text:halRfStrobe</name>
         <load_address>0xebf8</load_address>
         <run_address>0xebf8</run_address>
         <size>0xe</size>
         <input_file_ref idref="fl-2"/>
      </object_component>
      <object_component id="oc-6f1">
         <name>.text</name>
         <load_address>0xec06</load_address>
         <run_address>0xec06</run_address>
         <size>0xa</size>
         <input_file_ref idref="fl-53"/>
      </object_component>
      <object_component id="oc-446">
         <name>.text:stopTimeOut</name>
         <load_address>0xec10</load_address>
         <run_address>0xec10</run_address>
         <size>0xa</size>
         <input_file_ref idref="fl-a"/>
      </object_component>
      <object_component id="oc-51f">
         <name>.text:PMM_unlockLPM5</name>
         <load_address>0xec1a</load_address>
         <run_address>0xec1a</run_address>
         <size>0x8</size>
         <input_file_ref idref="fl-18"/>
      </object_component>
      <object_component id="oc-27b">
         <name>.text:_isr:__TI_ISR_TRAP</name>
         <load_address>0xec22</load_address>
         <run_address>0xec22</run_address>
         <size>0x8</size>
         <input_file_ref idref="fl-52"/>
      </object_component>
      <object_component id="oc-471">
         <name>.text:abort</name>
         <load_address>0xec2a</load_address>
         <run_address>0xec2a</run_address>
         <size>0x6</size>
         <input_file_ref idref="fl-64"/>
      </object_component>
      <object_component id="oc-378">
         <name>.text:_system_pre_init</name>
         <load_address>0xec30</load_address>
         <run_address>0xec30</run_address>
         <size>0x4</size>
         <input_file_ref idref="fl-60"/>
      </object_component>
      <object_component id="oc-5f4">
         <name>.text:_system_post_cinit</name>
         <load_address>0xec34</load_address>
         <run_address>0xec34</run_address>
         <size>0x2</size>
         <input_file_ref idref="fl-61"/>
      </object_component>
      <object_component id="oc-314">
         <name>.bss:RXData</name>
         <uninitialized>true</uninitialized>
         <run_address>0x25c0</run_address>
         <size>0x1e</size>
         <input_file_ref idref="fl-4"/>
      </object_component>
      <object_component id="oc-317">
         <name>.bss:TXData</name>
         <uninitialized>true</uninitialized>
         <run_address>0x25de</run_address>
         <size>0x1e</size>
         <input_file_ref idref="fl-4"/>
      </object_component>
      <object_component id="oc-2fe">
         <name>.bss</name>
         <uninitialized>true</uninitialized>
         <run_address>0x2636</run_address>
         <size>0x2</size>
         <input_file_ref idref="fl-4"/>
      </object_component>
      <object_component id="oc-5c4">
         <name>.bss:data</name>
         <uninitialized>true</uninitialized>
         <run_address>0x2500</run_address>
         <size>0x40</size>
         <input_file_ref idref="fl-9"/>
      </object_component>
      <object_component id="oc-340">
         <name>.bss:commandList</name>
         <uninitialized>true</uninitialized>
         <run_address>0x261a</run_address>
         <size>0xc</size>
         <input_file_ref idref="fl-b"/>
      </object_component>
      <object_component id="oc-343">
         <name>.bss:autoCommandList</name>
         <uninitialized>true</uninitialized>
         <run_address>0x260e</run_address>
         <size>0xc</size>
         <input_file_ref idref="fl-b"/>
      </object_component>
      <object_component id="oc-356">
         <name>.common:wxOut</name>
         <uninitialized>true</uninitialized>
         <run_address>0x2632</run_address>
         <size>0x4</size>
      </object_component>
      <object_component id="oc-359">
         <name>.common:wxOutTime</name>
         <uninitialized>true</uninitialized>
         <run_address>0x2626</run_address>
         <size>0x8</size>
      </object_component>
      <object_component id="oc-42b">
         <name>.common:state</name>
         <uninitialized>true</uninitialized>
         <run_address>0x263e</run_address>
         <size>0x1</size>
      </object_component>
      <object_component id="oc-438">
         <name>.common:radioCommandBuffer</name>
         <uninitialized>true</uninitialized>
         <run_address>0x2540</run_address>
         <size>0x40</size>
      </object_component>
      <object_component id="oc-3e8">
         <name>.common:radioResponseBuffer</name>
         <uninitialized>true</uninitialized>
         <run_address>0x2000</run_address>
         <size>0x500</size>
      </object_component>
      <object_component id="oc-35a">
         <name>.common:sysState</name>
         <uninitialized>true</uninitialized>
         <run_address>0x25fc</run_address>
         <size>0x12</size>
      </object_component>
      <object_component id="oc-33d">
         <name>.common:epochTime</name>
         <uninitialized>true</uninitialized>
         <run_address>0x262e</run_address>
         <size>0x4</size>
      </object_component>
      <object_component id="oc-2f2">
         <name>.common:radioMode</name>
         <uninitialized>true</uninitialized>
         <run_address>0x263d</run_address>
         <size>0x1</size>
      </object_component>
      <object_component id="oc-2f5">
         <name>.common:packetSent</name>
         <uninitialized>true</uninitialized>
         <run_address>0x263c</run_address>
         <size>0x1</size>
      </object_component>
      <object_component id="oc-2f6">
         <name>.common:packetReceived</name>
         <uninitialized>true</uninitialized>
         <run_address>0x263b</run_address>
         <size>0x1</size>
      </object_component>
      <object_component id="oc-349">
         <name>.common:rssi_dBm</name>
         <uninitialized>true</uninitialized>
         <run_address>0x2638</run_address>
         <size>0x2</size>
      </object_component>
      <object_component id="oc-43f">
         <name>.common:dataChannel</name>
         <uninitialized>true</uninitialized>
         <run_address>0x263a</run_address>
         <size>0x1</size>
      </object_component>
      <object_component id="oc-364">
         <name>.common:timeOut</name>
         <uninitialized>true</uninitialized>
         <run_address>0x263f</run_address>
         <size>0x1</size>
      </object_component>
      <object_component id="oc-335">
         <name>.common:uartCommandBuffer</name>
         <uninitialized>true</uninitialized>
         <run_address>0x2580</run_address>
         <size>0x40</size>
      </object_component>
      <object_component id="oc-313">
         <name>.data</name>
         <load_address>0x264b</load_address>
         <run_address>0x264b</run_address>
         <size>0x1</size>
         <input_file_ref idref="fl-4"/>
      </object_component>
      <object_component id="oc-3e5">
         <name>.data</name>
         <load_address>0x2647</load_address>
         <run_address>0x2647</run_address>
         <size>0x2</size>
         <input_file_ref idref="fl-6"/>
      </object_component>
      <object_component id="oc-346">
         <name>.data</name>
         <load_address>0x2649</load_address>
         <run_address>0x2649</run_address>
         <size>0x2</size>
         <input_file_ref idref="fl-9"/>
      </object_component>
      <object_component id="oc-332">
         <name>.data</name>
         <load_address>0x2644</load_address>
         <run_address>0x2644</run_address>
         <size>0x3</size>
         <input_file_ref idref="fl-b"/>
      </object_component>
      <object_component id="oc-63a">
         <name>.data</name>
         <load_address>0x2640</load_address>
         <run_address>0x2640</run_address>
         <size>0x4</size>
         <input_file_ref idref="fl-e"/>
      </object_component>
      <object_component id="oc-25f">
         <name>.stack</name>
         <uninitialized>true</uninitialized>
         <run_address>0x2f60</run_address>
         <size>0x4</size>
         <input_file_ref idref="fl-5b"/>
      </object_component>
      <object_component id="oc-7eb">
         <name>.stack</name>
         <uninitialized>true</uninitialized>
         <run_address>0x2f60</run_address>
         <size>0x0</size>
      </object_component>
      <object_component id="oc-74">
         <name>.int41</name>
         <load_address>0xffda</load_address>
         <run_address>0xffda</run_address>
         <size>0x2</size>
         <input_file_ref idref="fl-46"/>
      </object_component>
      <object_component id="oc-75">
         <name>.int42</name>
         <load_address>0xffdc</load_address>
         <run_address>0xffdc</run_address>
         <size>0x2</size>
         <input_file_ref idref="fl-8"/>
      </object_component>
      <object_component id="oc-76">
         <name>.int43</name>
         <load_address>0xffde</load_address>
         <run_address>0xffde</run_address>
         <size>0x2</size>
         <input_file_ref idref="fl-47"/>
      </object_component>
      <object_component id="oc-77">
         <name>.int44</name>
         <load_address>0xffe0</load_address>
         <run_address>0xffe0</run_address>
         <size>0x2</size>
         <input_file_ref idref="fl-4"/>
      </object_component>
      <object_component id="oc-78">
         <name>.int45</name>
         <load_address>0xffe2</load_address>
         <run_address>0xffe2</run_address>
         <size>0x2</size>
         <input_file_ref idref="fl-48"/>
      </object_component>
      <object_component id="oc-79">
         <name>.int46</name>
         <load_address>0xffe4</load_address>
         <run_address>0xffe4</run_address>
         <size>0x2</size>
         <input_file_ref idref="fl-b"/>
      </object_component>
      <object_component id="oc-7a">
         <name>.int47</name>
         <load_address>0xffe6</load_address>
         <run_address>0xffe6</run_address>
         <size>0x2</size>
         <input_file_ref idref="fl-a"/>
      </object_component>
      <object_component id="oc-7b">
         <name>.int48</name>
         <load_address>0xffe8</load_address>
         <run_address>0xffe8</run_address>
         <size>0x2</size>
         <input_file_ref idref="fl-7"/>
      </object_component>
      <object_component id="oc-7c">
         <name>.int49</name>
         <load_address>0xffea</load_address>
         <run_address>0xffea</run_address>
         <size>0x2</size>
         <input_file_ref idref="fl-49"/>
      </object_component>
      <object_component id="oc-7d">
         <name>.int50</name>
         <load_address>0xffec</load_address>
         <run_address>0xffec</run_address>
         <size>0x2</size>
         <input_file_ref idref="fl-4a"/>
      </object_component>
      <object_component id="oc-7e">
         <name>.int51</name>
         <load_address>0xffee</load_address>
         <run_address>0xffee</run_address>
         <size>0x2</size>
         <input_file_ref idref="fl-4b"/>
      </object_component>
      <object_component id="oc-7f">
         <name>.int52</name>
         <load_address>0xfff0</load_address>
         <run_address>0xfff0</run_address>
         <size>0x2</size>
         <input_file_ref idref="fl-4c"/>
      </object_component>
      <object_component id="oc-80">
         <name>.int53</name>
         <load_address>0xfff2</load_address>
         <run_address>0xfff2</run_address>
         <size>0x2</size>
         <input_file_ref idref="fl-7"/>
      </object_component>
      <object_component id="oc-81">
         <name>.int54</name>
         <load_address>0xfff4</load_address>
         <run_address>0xfff4</run_address>
         <size>0x2</size>
         <input_file_ref idref="fl-4d"/>
      </object_component>
      <object_component id="oc-82">
         <name>.int55</name>
         <load_address>0xfff6</load_address>
         <run_address>0xfff6</run_address>
         <size>0x2</size>
         <input_file_ref idref="fl-4e"/>
      </object_component>
      <object_component id="oc-83">
         <name>.int56</name>
         <load_address>0xfff8</load_address>
         <run_address>0xfff8</run_address>
         <size>0x2</size>
         <input_file_ref idref="fl-4f"/>
      </object_component>
      <object_component id="oc-84">
         <name>.int57</name>
         <load_address>0xfffa</load_address>
         <run_address>0xfffa</run_address>
         <size>0x2</size>
         <input_file_ref idref="fl-50"/>
      </object_component>
      <object_component id="oc-85">
         <name>.int58</name>
         <load_address>0xfffc</load_address>
         <run_address>0xfffc</run_address>
         <size>0x2</size>
         <input_file_ref idref="fl-51"/>
      </object_component>
      <object_component id="oc-262">
         <name>.reset</name>
         <load_address>0xfffe</load_address>
         <run_address>0xfffe</run_address>
         <size>0x2</size>
         <input_file_ref idref="fl-5b"/>
      </object_component>
      <object_component id="oc-4b0">
         <name>.debug_info</name>
         <load_address>0x0</load_address>
         <run_address>0x0</run_address>
         <size>0x2e7</size>
         <input_file_ref idref="fl-2"/>
      </object_component>
      <object_component id="oc-682">
         <name>.debug_info</name>
         <load_address>0x2e7</load_address>
         <run_address>0x2e7</run_address>
         <size>0xdc</size>
         <input_file_ref idref="fl-2"/>
      </object_component>
      <object_component id="oc-57b">
         <name>.debug_info</name>
         <load_address>0x3c3</load_address>
         <run_address>0x3c3</run_address>
         <size>0x1e3</size>
         <input_file_ref idref="fl-2"/>
      </object_component>
      <object_component id="oc-581">
         <name>.debug_info</name>
         <load_address>0x5a6</load_address>
         <run_address>0x5a6</run_address>
         <size>0x14c</size>
         <input_file_ref idref="fl-2"/>
      </object_component>
      <object_component id="oc-596">
         <name>.debug_info</name>
         <load_address>0x6f2</load_address>
         <run_address>0x6f2</run_address>
         <size>0x136</size>
         <input_file_ref idref="fl-2"/>
      </object_component>
      <object_component id="oc-5d0">
         <name>.debug_info</name>
         <load_address>0x828</load_address>
         <run_address>0x828</run_address>
         <size>0x156</size>
         <input_file_ref idref="fl-2"/>
      </object_component>
      <object_component id="oc-587">
         <name>.debug_info</name>
         <load_address>0x97e</load_address>
         <run_address>0x97e</run_address>
         <size>0x16e</size>
         <input_file_ref idref="fl-2"/>
      </object_component>
      <object_component id="oc-6b6">
         <name>.debug_info</name>
         <load_address>0xaec</load_address>
         <run_address>0xaec</run_address>
         <size>0x16a</size>
         <input_file_ref idref="fl-2"/>
      </object_component>
      <object_component id="oc-5a3">
         <name>.debug_info</name>
         <load_address>0xc56</load_address>
         <run_address>0xc56</run_address>
         <size>0x167</size>
         <input_file_ref idref="fl-2"/>
      </object_component>
      <object_component id="oc-3aa">
         <name>.debug_info</name>
         <load_address>0xdbd</load_address>
         <run_address>0xdbd</run_address>
         <size>0x26b</size>
         <input_file_ref idref="fl-2"/>
      </object_component>
      <object_component id="oc-710">
         <name>.debug_info</name>
         <load_address>0x1028</load_address>
         <run_address>0x1028</run_address>
         <size>0x76</size>
         <input_file_ref idref="fl-2"/>
      </object_component>
      <object_component id="oc-66f">
         <name>.debug_info</name>
         <load_address>0x109e</load_address>
         <run_address>0x109e</run_address>
         <size>0x174</size>
         <input_file_ref idref="fl-2"/>
      </object_component>
      <object_component id="oc-3d2">
         <name>.debug_info</name>
         <load_address>0x1212</load_address>
         <run_address>0x1212</run_address>
         <size>0xee</size>
         <input_file_ref idref="fl-2"/>
      </object_component>
      <object_component id="oc-3ff">
         <name>.debug_info</name>
         <load_address>0x1300</load_address>
         <run_address>0x1300</run_address>
         <size>0xf5</size>
         <input_file_ref idref="fl-2"/>
      </object_component>
      <object_component id="oc-3da">
         <name>.debug_info</name>
         <load_address>0x13f5</load_address>
         <run_address>0x13f5</run_address>
         <size>0x392</size>
         <input_file_ref idref="fl-2"/>
      </object_component>
      <object_component id="oc-3a5">
         <name>.debug_info</name>
         <load_address>0x1787</load_address>
         <run_address>0x1787</run_address>
         <size>0x8b</size>
         <input_file_ref idref="fl-2"/>
      </object_component>
      <object_component id="oc-3c8">
         <name>.debug_info</name>
         <load_address>0x1812</load_address>
         <run_address>0x1812</run_address>
         <size>0x275</size>
         <input_file_ref idref="fl-2"/>
      </object_component>
      <object_component id="oc-327">
         <name>.debug_info</name>
         <load_address>0x1a87</load_address>
         <run_address>0x1a87</run_address>
         <size>0xbb</size>
         <input_file_ref idref="fl-2"/>
      </object_component>
      <object_component id="oc-3b4">
         <name>.debug_info</name>
         <load_address>0x1b42</load_address>
         <run_address>0x1b42</run_address>
         <size>0x39</size>
         <input_file_ref idref="fl-2"/>
      </object_component>
      <object_component id="oc-3af">
         <name>.debug_info</name>
         <load_address>0x1b7b</load_address>
         <run_address>0x1b7b</run_address>
         <size>0x139</size>
         <input_file_ref idref="fl-2"/>
      </object_component>
      <object_component id="oc-71a">
         <name>.debug_info</name>
         <load_address>0x1cb4</load_address>
         <run_address>0x1cb4</run_address>
         <size>0x51b</size>
         <input_file_ref idref="fl-3"/>
      </object_component>
      <object_component id="oc-65a">
         <name>.debug_info</name>
         <load_address>0x21cf</load_address>
         <run_address>0x21cf</run_address>
         <size>0xca</size>
         <input_file_ref idref="fl-3"/>
      </object_component>
      <object_component id="oc-575">
         <name>.debug_info</name>
         <load_address>0x2299</load_address>
         <run_address>0x2299</run_address>
         <size>0x220</size>
         <input_file_ref idref="fl-3"/>
      </object_component>
      <object_component id="oc-685">
         <name>.debug_info</name>
         <load_address>0x24b9</load_address>
         <run_address>0x24b9</run_address>
         <size>0x27c</size>
         <input_file_ref idref="fl-3"/>
      </object_component>
      <object_component id="oc-6a2">
         <name>.debug_info</name>
         <load_address>0x2735</load_address>
         <run_address>0x2735</run_address>
         <size>0x2d8</size>
         <input_file_ref idref="fl-3"/>
      </object_component>
      <object_component id="oc-59c">
         <name>.debug_info</name>
         <load_address>0x2a0d</load_address>
         <run_address>0x2a0d</run_address>
         <size>0x1dc</size>
         <input_file_ref idref="fl-3"/>
      </object_component>
      <object_component id="oc-357">
         <name>.debug_info</name>
         <load_address>0x2be9</load_address>
         <run_address>0x2be9</run_address>
         <size>0x6b1</size>
         <input_file_ref idref="fl-4"/>
      </object_component>
      <object_component id="oc-315">
         <name>.debug_info</name>
         <load_address>0x329a</load_address>
         <run_address>0x329a</run_address>
         <size>0xc4</size>
         <input_file_ref idref="fl-4"/>
      </object_component>
      <object_component id="oc-318">
         <name>.debug_info</name>
         <load_address>0x335e</load_address>
         <run_address>0x335e</run_address>
         <size>0xc4</size>
         <input_file_ref idref="fl-4"/>
      </object_component>
      <object_component id="oc-2ff">
         <name>.debug_info</name>
         <load_address>0x3422</load_address>
         <run_address>0x3422</run_address>
         <size>0xe8</size>
         <input_file_ref idref="fl-4"/>
      </object_component>
      <object_component id="oc-4b7">
         <name>.debug_info</name>
         <load_address>0x350a</load_address>
         <run_address>0x350a</run_address>
         <size>0xc6</size>
         <input_file_ref idref="fl-4"/>
      </object_component>
      <object_component id="oc-4f7">
         <name>.debug_info</name>
         <load_address>0x35d0</load_address>
         <run_address>0x35d0</run_address>
         <size>0xc6</size>
         <input_file_ref idref="fl-4"/>
      </object_component>
      <object_component id="oc-351">
         <name>.debug_info</name>
         <load_address>0x3696</load_address>
         <run_address>0x3696</run_address>
         <size>0x160</size>
         <input_file_ref idref="fl-4"/>
      </object_component>
      <object_component id="oc-287">
         <name>.debug_info</name>
         <load_address>0x37f6</load_address>
         <run_address>0x37f6</run_address>
         <size>0x1d0</size>
         <input_file_ref idref="fl-4"/>
      </object_component>
      <object_component id="oc-3f7">
         <name>.debug_info</name>
         <load_address>0x39c6</load_address>
         <run_address>0x39c6</run_address>
         <size>0x131</size>
         <input_file_ref idref="fl-4"/>
      </object_component>
      <object_component id="oc-3eb">
         <name>.debug_info</name>
         <load_address>0x3af7</load_address>
         <run_address>0x3af7</run_address>
         <size>0x27d</size>
         <input_file_ref idref="fl-4"/>
      </object_component>
      <object_component id="oc-3f1">
         <name>.debug_info</name>
         <load_address>0x3d74</load_address>
         <run_address>0x3d74</run_address>
         <size>0x261</size>
         <input_file_ref idref="fl-4"/>
      </object_component>
      <object_component id="oc-414">
         <name>.debug_info</name>
         <load_address>0x3fd5</load_address>
         <run_address>0x3fd5</run_address>
         <size>0x1a8</size>
         <input_file_ref idref="fl-5"/>
      </object_component>
      <object_component id="oc-40e">
         <name>.debug_info</name>
         <load_address>0x417d</load_address>
         <run_address>0x417d</run_address>
         <size>0x22d</size>
         <input_file_ref idref="fl-5"/>
      </object_component>
      <object_component id="oc-35b">
         <name>.debug_info</name>
         <load_address>0x43aa</load_address>
         <run_address>0x43aa</run_address>
         <size>0x4fc</size>
         <input_file_ref idref="fl-6"/>
      </object_component>
      <object_component id="oc-3e6">
         <name>.debug_info</name>
         <load_address>0x48a6</load_address>
         <run_address>0x48a6</run_address>
         <size>0x107</size>
         <input_file_ref idref="fl-6"/>
      </object_component>
      <object_component id="oc-37f">
         <name>.debug_info</name>
         <load_address>0x49ad</load_address>
         <run_address>0x49ad</run_address>
         <size>0x3fa</size>
         <input_file_ref idref="fl-6"/>
      </object_component>
      <object_component id="oc-34b">
         <name>.debug_info</name>
         <load_address>0x4da7</load_address>
         <run_address>0x4da7</run_address>
         <size>0x138</size>
         <input_file_ref idref="fl-6"/>
      </object_component>
      <object_component id="oc-46c">
         <name>.debug_info</name>
         <load_address>0x4edf</load_address>
         <run_address>0x4edf</run_address>
         <size>0x1a3</size>
         <input_file_ref idref="fl-6"/>
      </object_component>
      <object_component id="oc-33e">
         <name>.debug_info</name>
         <load_address>0x5082</load_address>
         <run_address>0x5082</run_address>
         <size>0x3f8</size>
         <input_file_ref idref="fl-7"/>
      </object_component>
      <object_component id="oc-720">
         <name>.debug_info</name>
         <load_address>0x547a</load_address>
         <run_address>0x547a</run_address>
         <size>0xc8</size>
         <input_file_ref idref="fl-7"/>
      </object_component>
      <object_component id="oc-72f">
         <name>.debug_info</name>
         <load_address>0x5542</load_address>
         <run_address>0x5542</run_address>
         <size>0xc8</size>
         <input_file_ref idref="fl-7"/>
      </object_component>
      <object_component id="oc-421">
         <name>.debug_info</name>
         <load_address>0x560a</load_address>
         <run_address>0x560a</run_address>
         <size>0x147</size>
         <input_file_ref idref="fl-7"/>
      </object_component>
      <object_component id="oc-29a">
         <name>.debug_info</name>
         <load_address>0x5751</load_address>
         <run_address>0x5751</run_address>
         <size>0xf6</size>
         <input_file_ref idref="fl-7"/>
      </object_component>
      <object_component id="oc-676">
         <name>.debug_info</name>
         <load_address>0x5847</load_address>
         <run_address>0x5847</run_address>
         <size>0x1e2</size>
         <input_file_ref idref="fl-7"/>
      </object_component>
      <object_component id="oc-2a1">
         <name>.debug_info</name>
         <load_address>0x5a29</load_address>
         <run_address>0x5a29</run_address>
         <size>0x102</size>
         <input_file_ref idref="fl-7"/>
      </object_component>
      <object_component id="oc-2f3">
         <name>.debug_info</name>
         <load_address>0x5b2b</load_address>
         <run_address>0x5b2b</run_address>
         <size>0x5b5</size>
         <input_file_ref idref="fl-8"/>
      </object_component>
      <object_component id="oc-426">
         <name>.debug_info</name>
         <load_address>0x60e0</load_address>
         <run_address>0x60e0</run_address>
         <size>0x16b</size>
         <input_file_ref idref="fl-8"/>
      </object_component>
      <object_component id="oc-5c9">
         <name>.debug_info</name>
         <load_address>0x624b</load_address>
         <run_address>0x624b</run_address>
         <size>0x23a</size>
         <input_file_ref idref="fl-8"/>
      </object_component>
      <object_component id="oc-43a">
         <name>.debug_info</name>
         <load_address>0x6485</load_address>
         <run_address>0x6485</run_address>
         <size>0x2d2</size>
         <input_file_ref idref="fl-8"/>
      </object_component>
      <object_component id="oc-465">
         <name>.debug_info</name>
         <load_address>0x6757</load_address>
         <run_address>0x6757</run_address>
         <size>0x176</size>
         <input_file_ref idref="fl-8"/>
      </object_component>
      <object_component id="oc-6b0">
         <name>.debug_info</name>
         <load_address>0x68cd</load_address>
         <run_address>0x68cd</run_address>
         <size>0x16d</size>
         <input_file_ref idref="fl-8"/>
      </object_component>
      <object_component id="oc-281">
         <name>.debug_info</name>
         <load_address>0x6a3a</load_address>
         <run_address>0x6a3a</run_address>
         <size>0x117</size>
         <input_file_ref idref="fl-8"/>
      </object_component>
      <object_component id="oc-6ae">
         <name>.debug_info</name>
         <load_address>0x6b51</load_address>
         <run_address>0x6b51</run_address>
         <size>0x1e6</size>
         <input_file_ref idref="fl-9"/>
      </object_component>
      <object_component id="oc-347">
         <name>.debug_info</name>
         <load_address>0x6d37</load_address>
         <run_address>0x6d37</run_address>
         <size>0xe3</size>
         <input_file_ref idref="fl-9"/>
      </object_component>
      <object_component id="oc-5c5">
         <name>.debug_info</name>
         <load_address>0x6e1a</load_address>
         <run_address>0x6e1a</run_address>
         <size>0xc3</size>
         <input_file_ref idref="fl-9"/>
      </object_component>
      <object_component id="oc-459">
[...]
      <symbol id="sm-472">
         <name>WDT_A_ISR</name>
         <value>0xea6a</value>
         <object_component_ref idref="oc-292"/>
      </symbol>
      <symbol id="sm-473">
         <name>stopTimeOut</name>
         <value>0xec10</value>
         <object_component_ref idref="oc-446"/>
      </symbol>
      <symbol id="sm-4c8">
         <name>uartCommandBuffer</name>
         <value>0x2580</value>
      </symbol>
      <symbol id="sm-4c9">
         <name>clearCommandList</name>
         <value>0xeb18</value>
         <object_component_ref idref="oc-44c"/>
      </symbol>
      <symbol id="sm-4ca">
         <name>getUARTCommand</name>
         <value>0xdb38</value>
         <object_component_ref idref="oc-452"/>
      </symbol>
      <symbol id="sm-4cb">
         <name>__TI_int46</name>
         <value>0xffe4</value>
         <object_component_ref idref="oc-79"/>
      </symbol>
      <symbol id="sm-4cc">
         <name>USCI_A0_ISR</name>
         <value>0xc4c4</value>
         <object_component_ref idref="oc-28c"/>
      </symbol>
      <symbol id="sm-4cd">
         <name>initUART</name>
         <value>0xdbb2</value>
         <object_component_ref idref="oc-419"/>
      </symbol>
      <symbol id="sm-554">
         <name>CS_initFLLSettle</name>
         <value>0xe0d4</value>
         <object_component_ref idref="oc-538"/>
      </symbol>
      <symbol id="sm-555">
         <name>CS_initFLL</name>
         <value>0xcfe4</value>
         <object_component_ref idref="oc-640"/>
      </symbol>
      <symbol id="sm-556">
         <name>CS_setExternalClockSource</name>
         <value>0xe8c0</value>
         <object_component_ref idref="oc-526"/>
      </symbol>
      <symbol id="sm-557">
         <name>CS_getSMCLK</name>
         <value>0xe5bc</value>
         <object_component_ref idref="oc-4b9"/>
      </symbol>
      <symbol id="sm-558">
         <name>CS_turnOnXT1LF</name>
         <value>0xe4b6</value>
         <object_component_ref idref="oc-52c"/>
      </symbol>
      <symbol id="sm-559">
         <name>CS_initClockSignal</name>
         <value>0xccb0</value>
         <object_component_ref idref="oc-532"/>
      </symbol>
      <symbol id="sm-590">
         <name>EUSCI_A_SPI_clearInterrupt</name>
         <value>0xe816</value>
         <object_component_ref idref="oc-668"/>
      </symbol>
      <symbol id="sm-591">
         <name>EUSCI_A_SPI_getInterruptStatus</name>
         <value>0xe9c0</value>
         <object_component_ref idref="oc-68e"/>
      </symbol>
      <symbol id="sm-592">
         <name>EUSCI_A_SPI_initMaster</name>
         <value>0xda34</value>
         <object_component_ref idref="oc-65c"/>
      </symbol>
      <symbol id="sm-593">
         <name>EUSCI_A_SPI_receiveData</name>
         <value>0xeaf0</value>
         <object_component_ref idref="oc-74b"/>
      </symbol>
      <symbol id="sm-594">
         <name>EUSCI_A_SPI_transmitData</name>
         <value>0xe8e0</value>
         <object_component_ref idref="oc-694"/>
      </symbol>
      <symbol id="sm-595">
         <name>EUSCI_A_SPI_enable</name>
         <value>0xeb96</value>
         <object_component_ref idref="oc-662"/>
      </symbol>
      <symbol id="sm-596">
         <name>EUSCI_A_SPI_isBusy</name>
         <value>0xeadc</value>
         <object_component_ref idref="oc-69a"/>
      </symbol>
      <symbol id="sm-5ce">
         <name>EUSCI_A_UART_enableInterrupt</name>
         <value>0xe2f0</value>
         <object_component_ref idref="oc-554"/>
      </symbol>
      <symbol id="sm-5cf">
         <name>EUSCI_A_UART_init</name>
         <value>0xcde2</value>
         <object_component_ref idref="oc-542"/>
      </symbol>
      <symbol id="sm-5d0">
         <name>EUSCI_A_UART_enable</name>
         <value>0xeba4</value>
         <object_component_ref idref="oc-548"/>
      </symbol>
      <symbol id="sm-5d1">
         <name>EUSCI_A_UART_receiveData</name>
         <value>0xe644</value>
         <object_component_ref idref="oc-32c"/>
      </symbol>
      <symbol id="sm-5d2">
         <name>EUSCI_A_UART_clearInterrupt</name>
         <value>0xe838</value>
         <object_component_ref idref="oc-54e"/>
      </symbol>
      <symbol id="sm-5d3">
         <name>EUSCI_A_UART_transmitData</name>
         <value>0xe4ee</value>
         <object_component_ref idref="oc-5db"/>
      </symbol>
      <symbol id="sm-64f">
         <name>EUSCI_B_I2C_initMaster</name>
         <value>0xd916</value>
         <object_component_ref idref="oc-4bf"/>
      </symbol>
      <symbol id="sm-650">
         <name>EUSCI_B_I2C_clearInterrupt</name>
         <value>0xe900</value>
         <object_component_ref idref="oc-4d7"/>
      </symbol>
      <symbol id="sm-651">
         <name>EUSCI_B_I2C_disable</name>
         <value>0xebb2</value>
         <object_component_ref idref="oc-500"/>
      </symbol>
      <symbol id="sm-652">
         <name>EUSCI_B_I2C_setSlaveAddress</name>
         <value>0xe960</value>
         <object_component_ref idref="oc-4c5"/>
      </symbol>
      <symbol id="sm-653">
         <name>EUSCI_B_I2C_setMode</name>
         <value>0xe85a</value>
         <object_component_ref idref="oc-4cb"/>
      </symbol>
      <symbol id="sm-654">
         <name>EUSCI_B_I2C_masterSendMultiByteStop</name>
         <value>0xe762</value>
         <object_component_ref idref="oc-320"/>
      </symbol>
      <symbol id="sm-655">
         <name>EUSCI_B_I2C_masterSendMultiByteNext</name>
         <value>0xe524</value>
         <object_component_ref idref="oc-31a"/>
      </symbol>
      <symbol id="sm-656">
         <name>EUSCI_B_I2C_masterSendStart</name>
         <value>0xebce</value>
         <object_component_ref idref="oc-307"/>
      </symbol>
      <symbol id="sm-657">
         <name>EUSCI_B_I2C_masterIsStopSent</name>
         <value>0xeb66</value>
         <object_component_ref idref="oc-4e3"/>
      </symbol>
      <symbol id="sm-658">
         <name>EUSCI_B_I2C_masterReceiveStart</name>
         <value>0xea84</value>
         <object_component_ref idref="oc-301"/>
      </symbol>
      <symbol id="sm-659">
         <name>EUSCI_B_I2C_disableInterrupt</name>
         <value>0xe920</value>
         <object_component_ref idref="oc-4fa"/>
      </symbol>
      <symbol id="sm-65a">
         <name>EUSCI_B_I2C_masterReceiveSingle</name>
         <value>0xe66e</value>
         <object_component_ref idref="oc-30d"/>
      </symbol>
      <symbol id="sm-65b">
         <name>EUSCI_B_I2C_enableInterrupt</name>
         <value>0xe940</value>
         <object_component_ref idref="oc-4dd"/>
      </symbol>
      <symbol id="sm-65c">
         <name>EUSCI_B_I2C_enable</name>
         <value>0xebc0</value>
         <object_component_ref idref="oc-4d1"/>
      </symbol>
      <symbol id="sm-65d">
         <name>EUSCI_B_I2C_isBusBusy</name>
         <value>0xeb04</value>
         <object_component_ref idref="oc-4ef"/>
      </symbol>
      <symbol id="sm-65e">
         <name>EUSCI_B_I2C_masterSendMultiByteStart</name>
         <value>0xdf14</value>
         <object_component_ref idref="oc-4e9"/>
      </symbol>
      <symbol id="sm-6c9">
         <name>GPIO_setAsInputPin</name>
         <value>0xdd1a</value>
         <object_component_ref idref="oc-513"/>
      </symbol>
      <symbol id="sm-6ca">
         <name>GPIO_clearInterrupt</name>
         <value>0xe334</value>
         <object_component_ref idref="oc-2f7"/>
      </symbol>
      <symbol id="sm-6cb">
         <name>GPIO_setOutputHighOnPin</name>
         <value>0xe3b8</value>
         <object_component_ref idref="oc-432"/>
      </symbol>
      <symbol id="sm-6cc">
         <name>GPIO_selectInterruptEdge</name>
         <value>0xdf70</value>
         <object_component_ref idref="oc-519"/>
      </symbol>
      <symbol id="sm-6cd">
         <name>GPIO_enableInterrupt</name>
         <value>0xe376</value>
         <object_component_ref idref="oc-58c"/>
      </symbol>
      <symbol id="sm-6ce">
         <name>GPIO_setAsOutputPin</name>
         <value>0xdfcc</value>
         <object_component_ref idref="oc-50d"/>
      </symbol>
      <symbol id="sm-6cf">
         <name>GPIO_setOutputLowOnPin</name>
         <value>0xe3f8</value>
         <object_component_ref idref="oc-42c"/>
      </symbol>
      <symbol id="sm-6d0">
         <name>GPIO_setAsPeripheralModuleFunctionOutputPin</name>
         <value>0xd4a2</value>
         <object_component_ref idref="oc-653"/>
      </symbol>
      <symbol id="sm-6d1">
         <name>GPIO_getInputPinValue</name>
         <value>0xe216</value>
         <object_component_ref idref="oc-67a"/>
      </symbol>
      <symbol id="sm-6d2">
         <name>GPIO_setAsPeripheralModuleFunctionInputPin</name>
         <value>0xd3f0</value>
         <object_component_ref idref="oc-507"/>
      </symbol>
      <symbol id="sm-6e4">
         <name>PMM_unlockLPM5</name>
         <value>0xec1a</value>
         <object_component_ref idref="oc-51f"/>
      </symbol>
      <symbol id="sm-6e5">
         <name>PMM_trigPOR</name>
         <value>0xeb76</value>
         <object_component_ref idref="oc-35d"/>
      </symbol>
      <symbol id="sm-704">
         <name>RTC_enableInterrupt</name>
         <value>0xe9fc</value>
         <object_component_ref idref="oc-567"/>
      </symbol>
      <symbol id="sm-705">
         <name>RTC_init</name>
         <value>0xe5ea</value>
         <object_component_ref idref="oc-55b"/>
      </symbol>
      <symbol id="sm-706">
         <name>RTC_start</name>
         <value>0xe6ec</value>
         <object_component_ref idref="oc-56d"/>
      </symbol>
      <symbol id="sm-707">
         <name>RTC_clearInterrupt</name>
         <value>0xea9a</value>
         <object_component_ref idref="oc-561"/>
      </symbol>
      <symbol id="sm-718">
         <name>SFR_enableInterrupt</name>
         <value>0xebea</value>
         <object_component_ref idref="oc-5ba"/>
      </symbol>
      <symbol id="sm-719">
         <name>SFR_clearInterrupt</name>
         <value>0xebdc</value>
         <object_component_ref idref="oc-5b4"/>
      </symbol>
      <symbol id="sm-744">
         <name>Timer_A_clearCaptureCompareInterrupt</name>
         <value>0xea50</value>
         <object_component_ref idref="oc-728"/>
      </symbol>
      <symbol id="sm-745">
         <name>Timer_A_initContinuousMode</name>
         <value>0xdc2c</value>
         <object_component_ref idref="oc-722"/>
      </symbol>
      <symbol id="sm-746">
         <name>Timer_A_initCompareMode</name>
         <value>0xdeb6</value>
         <object_component_ref idref="oc-731"/>
      </symbol>
      <symbol id="sm-747">
         <name>Timer_A_startCounter</name>
         <value>0xe980</value>
         <object_component_ref idref="oc-737"/>
      </symbol>
      <symbol id="sm-748">
         <name>Timer_A_stop</name>
         <value>0xeb86</value>
         <object_component_ref idref="oc-73d"/>
      </symbol>
      <symbol id="sm-761">
         <name>WDT_A_initIntervalTimer</name>
         <value>0xe714</value>
         <object_component_ref idref="oc-5a8"/>
      </symbol>
      <symbol id="sm-762">
         <name>WDT_A_hold</name>
         <value>0xe786</value>
         <object_component_ref idref="oc-367"/>
      </symbol>
      <symbol id="sm-763">
         <name>WDT_A_start</name>
         <value>0xe7aa</value>
         <object_component_ref idref="oc-5ae"/>
      </symbol>
      <symbol id="sm-76f">
         <name>__mspabi_remi</name>
         <value>0xe618</value>
         <object_component_ref idref="oc-5d5"/>
      </symbol>
      <symbol id="sm-770">
         <name>__mspabi_divi</name>
         <value>0xe618</value>
         <object_component_ref idref="oc-5d5"/>
      </symbol>
      <symbol id="sm-77a">
         <name>__mspabi_remu</name>
         <value>0xeac6</value>
         <object_component_ref idref="oc-6bd"/>
      </symbol>
      <symbol id="sm-77b">
         <name>__mspabi_divu</name>
         <value>0xeac6</value>
         <object_component_ref idref="oc-6bd"/>
      </symbol>
      <symbol id="sm-787">
         <name>__mspabi_remli</name>
         <value>0xe438</value>
         <object_component_ref idref="oc-6fc"/>
      </symbol>
      <symbol id="sm-788">
         <name>__mspabi_divli</name>
         <value>0xe438</value>
         <object_component_ref idref="oc-6fc"/>
      </symbol>
      <symbol id="sm-796">
         <name>__mspabi_remul</name>
         <value>0xe028</value>
         <object_component_ref idref="oc-622"/>
      </symbol>
      <symbol id="sm-797">
         <name>__mspabi_divul</name>
         <value>0xe028</value>
         <object_component_ref idref="oc-622"/>
      </symbol>
      <symbol id="sm-79a">
         <name>__TI_int41</name>
         <value>0xffda</value>
         <object_component_ref idref="oc-74"/>
      </symbol>
      <symbol id="sm-79d">
         <name>__TI_int43</name>
         <value>0xffde</value>
         <object_component_ref idref="oc-76"/>
      </symbol>
      <symbol id="sm-7a0">
         <name>__TI_int45</name>
         <value>0xffe2</value>
         <object_component_ref idref="oc-78"/>
      </symbol>
      <symbol id="sm-7a3">
         <name>__TI_int49</name>
         <value>0xffea</value>
         <object_component_ref idref="oc-7c"/>
      </symbol>
      <symbol id="sm-7a6">
         <name>__TI_int50</name>
         <value>0xffec</value>
         <object_component_ref idref="oc-7d"/>
      </symbol>
      <symbol id="sm-7a9">
         <name>__TI_int51</name>
         <value>0xffee</value>
         <object_component_ref idref="oc-7e"/>
      </symbol>
      <symbol id="sm-7ac">
         <name>__TI_int52</name>
         <value>0xfff0</value>
         <object_component_ref idref="oc-7f"/>
      </symbol>
      <symbol id="sm-7af">
         <name>__TI_int54</name>
         <value>0xfff4</value>
         <object_component_ref idref="oc-81"/>
      </symbol>
      <symbol id="sm-7b2">
         <name>__TI_int55</name>
         <value>0xfff6</value>
         <object_component_ref idref="oc-82"/>
      </symbol>
      <symbol id="sm-7b5">
         <name>__TI_int56</name>
         <value>0xfff8</value>
         <object_component_ref idref="oc-83"/>
      </symbol>
      <symbol id="sm-7b8">
         <name>__TI_int57</name>
         <value>0xfffa</value>
         <object_component_ref idref="oc-84"/>
      </symbol>
      <symbol id="sm-7bb">
         <name>__TI_int58</name>
         <value>0xfffc</value>
         <object_component_ref idref="oc-85"/>
      </symbol>
      <symbol id="sm-7c3">
         <name>__TI_ISR_TRAP</name>
         <value>0xec22</value>
         <object_component_ref idref="oc-27b"/>
      </symbol>
      <symbol id="sm-7cc">
         <name>__mspabi_slli</name>
         <value>0xec06</value>
         <object_component_ref idref="oc-6f1"/>
      </symbol>
      <symbol id="sm-7d4">
         <name>__mspabi_slll_9</name>
         <value>0xe490</value>
         <object_component_ref idref="oc-338"/>
      </symbol>
      <symbol id="sm-7d5">
         <name>__mspabi_slll_8</name>
         <value>0xe494</value>
         <object_component_ref idref="oc-338"/>
      </symbol>
      <symbol id="sm-7d6">
         <name>__mspabi_slll_7</name>
         <value>0xe498</value>
         <object_component_ref idref="oc-338"/>
      </symbol>
      <symbol id="sm-7d7">
         <name>__mspabi_slll_6</name>
         <value>0xe49c</value>
         <object_component_ref idref="oc-338"/>
      </symbol>
      <symbol id="sm-7d8">
         <name>__mspabi_slll_5</name>
         <value>0xe4a0</value>
         <object_component_ref idref="oc-338"/>
      </symbol>
      <symbol id="sm-7d9">
         <name>__mspabi_slll_4</name>
         <value>0xe4a4</value>
         <object_component_ref idref="oc-338"/>
      </symbol>
      <symbol id="sm-7da">
         <name>__mspabi_slll_3</name>
         <value>0xe4a8</value>
         <object_component_ref idref="oc-338"/>
      </symbol>
      <symbol id="sm-7db">
         <name>__mspabi_slll_2</name>
         <value>0xe4ac</value>
         <object_component_ref idref="oc-338"/>
      </symbol>
      <symbol id="sm-7dc">
         <name>__mspabi_slll_1</name>
         <value>0xe4b0</value>
         <object_component_ref idref="oc-338"/>
      </symbol>
      <symbol id="sm-7dd">
         <name>__mspabi_slll_15</name>
         <value>0xe478</value>
         <object_component_ref idref="oc-338"/>
      </symbol>
      <symbol id="sm-7de">
         <name>__mspabi_slll_14</name>
         <value>0xe47c</value>
         <object_component_ref idref="oc-338"/>
      </symbol>
      <symbol id="sm-7df">
         <name>__mspabi_slll_13</name>
         <value>0xe480</value>
         <object_component_ref idref="oc-338"/>
      </symbol>
      <symbol id="sm-7e0">
         <name>__mspabi_slll_12</name>
         <value>0xe484</value>
         <object_component_ref idref="oc-338"/>
      </symbol>
      <symbol id="sm-7e1">
         <name>__mspabi_slll_11</name>
         <value>0xe488</value>
         <object_component_ref idref="oc-338"/>
      </symbol>
      <symbol id="sm-7e2">
         <name>__mspabi_slll_10</name>
         <value>0xe48c</value>
         <object_component_ref idref="oc-338"/>
      </symbol>
      <symbol id="sm-7ed">
         <name>__mspabi_mpyl_f5hw</name>
         <value>0xe7f2</value>
         <object_component_ref idref="oc-767"/>
      </symbol>
      <symbol id="sm-7ff">
         <name>_stack</name>
         <value>0x2f60</value>
         <object_component_ref idref="oc-25f"/>
      </symbol>
      <symbol id="sm-800">
         <name>_c_int00_noargs</name>
         <value>0xea18</value>
         <object_component_ref idref="oc-2b6"/>
      </symbol>
      <symbol id="sm-801">
         <name>_reset_vector</name>
         <value>0xfffe</value>
         <object_component_ref idref="oc-262"/>
      </symbol>
      <symbol id="sm-824">
         <name>__TI_auto_init_nobinit_nopinit_hold_wdt</name>
         <value>0xe080</value>
         <object_component_ref idref="oc-495"/>
      </symbol>
      <symbol id="sm-837">
         <name>__TI_zero_init</name>
         <value>0xe7ce</value>
         <object_component_ref idref="oc-2aa"/>
      </symbol>
      <symbol id="sm-847">
         <name>_system_pre_init</name>
         <value>0xec30</value>
         <object_component_ref idref="oc-378"/>
      </symbol>
      <symbol id="sm-850">
         <name>_system_post_cinit</name>
         <value>0xec34</value>
         <object_component_ref idref="oc-5f4"/>
      </symbol>
      <symbol id="sm-861">
         <name>__TI_decompress_none</name>
         <value>0xeb54</value>
         <object_component_ref idref="oc-6e"/>
      </symbol>
      <symbol id="sm-884">
         <name>__TI_decompress_lzss</name>
         <value>0xdca4</value>
         <object_component_ref idref="oc-68"/>
      </symbol>
      <symbol id="sm-88e">
         <name>C$$EXIT</name>
         <value>0xec2a</value>
         <object_component_ref idref="oc-471"/>
      </symbol>
      <symbol id="sm-88f">
         <name>abort</name>
         <value>0xec2a</value>
         <object_component_ref idref="oc-471"/>
      </symbol>
      <symbol id="sm-89f">
         <name>memcpy</name>
         <value>0xeb2c</value>
         <object_component_ref idref="oc-26e"/>
      </symbol>
   </symbol_table>
   <title>Link successful</title>
</link_info>
